2025-11-17 12:09:08.755 +02:00 [WRN] HTTP/2 is not enabled for 127.0.0.1:49686. The endpoint is configured to use HTTP/1.1 and HTTP/2, but TLS is not enabled. HTTP/2 requires TLS application protocol negotiation. Connections to this endpoint will use HTTP/1.1.
2025-11-17 12:09:08.794 +02:00 [WRN] HTTP/2 is not enabled for [::1]:49686. The endpoint is configured to use HTTP/1.1 and HTTP/2, but TLS is not enabled. HTTP/2 requires TLS application protocol negotiation. Connections to this endpoint will use HTTP/1.1.
2025-11-17 12:09:08.795 +02:00 [WRN] HTTP/2 is not enabled for 127.0.0.1:49687. The endpoint is configured to use HTTP/1.1 and HTTP/2, but TLS is not enabled. HTTP/2 requires TLS application protocol negotiation. Connections to this endpoint will use HTTP/1.1.
2025-11-17 12:09:08.796 +02:00 [WRN] HTTP/2 is not enabled for [::1]:49687. The endpoint is configured to use HTTP/1.1 and HTTP/2, but TLS is not enabled. HTTP/2 requires TLS application protocol negotiation. Connections to this endpoint will use HTTP/1.1.
2025-11-17 12:09:08.798 +02:00 [INF] Now listening on: http://localhost:49686
2025-11-17 12:09:08.798 +02:00 [INF] Now listening on: http://localhost:49687
2025-11-17 12:09:08.800 +02:00 [INF] Application started. Press Ctrl+C to shut down.
2025-11-17 12:09:08.801 +02:00 [INF] Hosting environment: Development
2025-11-17 12:09:08.801 +02:00 [INF] Content root path: C:\Users\liza\RiderProjects\StudentPortal\StudentPortal.Enrollment.Api
2025-11-17 12:13:18.429 +02:00 [INF] Application is shutting down...
2025-11-17 12:18:06.647 +02:00 [WRN] HTTP/2 is not enabled for 127.0.0.1:49687. The endpoint is configured to use HTTP/1.1 and HTTP/2, but TLS is not enabled. HTTP/2 requires TLS application protocol negotiation. Connections to this endpoint will use HTTP/1.1.
2025-11-17 12:18:06.703 +02:00 [WRN] HTTP/2 is not enabled for [::1]:49687. The endpoint is configured to use HTTP/1.1 and HTTP/2, but TLS is not enabled. HTTP/2 requires TLS application protocol negotiation. Connections to this endpoint will use HTTP/1.1.
2025-11-17 12:18:06.704 +02:00 [WRN] HTTP/2 is not enabled for 127.0.0.1:49690. The endpoint is configured to use HTTP/1.1 and HTTP/2, but TLS is not enabled. HTTP/2 requires TLS application protocol negotiation. Connections to this endpoint will use HTTP/1.1.
2025-11-17 12:18:06.706 +02:00 [WRN] HTTP/2 is not enabled for [::1]:49690. The endpoint is configured to use HTTP/1.1 and HTTP/2, but TLS is not enabled. HTTP/2 requires TLS application protocol negotiation. Connections to this endpoint will use HTTP/1.1.
2025-11-17 12:18:06.709 +02:00 [INF] Now listening on: http://localhost:49687
2025-11-17 12:18:06.709 +02:00 [INF] Now listening on: http://localhost:49690
2025-11-17 12:18:06.714 +02:00 [INF] Application started. Press Ctrl+C to shut down.
2025-11-17 12:18:06.716 +02:00 [INF] Hosting environment: Development
2025-11-17 12:18:06.716 +02:00 [INF] Content root path: C:\Users\liza\RiderProjects\StudentPortal\StudentPortal.Enrollment.Api
2025-11-17 12:21:07.400 +02:00 [INF] Application is shutting down...
2025-11-17 12:23:41.704 +02:00 [WRN] HTTP/2 is not enabled for 127.0.0.1:53993. The endpoint is configured to use HTTP/1.1 and HTTP/2, but TLS is not enabled. HTTP/2 requires TLS application protocol negotiation. Connections to this endpoint will use HTTP/1.1.
2025-11-17 12:23:41.740 +02:00 [WRN] HTTP/2 is not enabled for [::1]:53993. The endpoint is configured to use HTTP/1.1 and HTTP/2, but TLS is not enabled. HTTP/2 requires TLS application protocol negotiation. Connections to this endpoint will use HTTP/1.1.
2025-11-17 12:23:41.741 +02:00 [WRN] HTTP/2 is not enabled for 127.0.0.1:53994. The endpoint is configured to use HTTP/1.1 and HTTP/2, but TLS is not enabled. HTTP/2 requires TLS application protocol negotiation. Connections to this endpoint will use HTTP/1.1.
2025-11-17 12:23:41.741 +02:00 [WRN] HTTP/2 is not enabled for [::1]:53994. The endpoint is configured to use HTTP/1.1 and HTTP/2, but TLS is not enabled. HTTP/2 requires TLS application protocol negotiation. Connections to this endpoint will use HTTP/1.1.
2025-11-17 12:23:41.743 +02:00 [INF] Now listening on: http://localhost:53993
2025-11-17 12:23:41.743 +02:00 [INF] Now listening on: http://localhost:53994
2025-11-17 12:23:41.745 +02:00 [INF] Application started. Press Ctrl+C to shut down.
2025-11-17 12:23:41.745 +02:00 [INF] Hosting environment: Development
2025-11-17 12:23:41.746 +02:00 [INF] Content root path: C:\Users\liza\RiderProjects\StudentPortal\StudentPortal.Enrollment.Api
2025-11-17 12:25:02.754 +02:00 [INF] Application is shutting down...
2025-11-17 12:34:01.160 +02:00 [WRN] HTTP/2 is not enabled for 127.0.0.1:61808. The endpoint is configured to use HTTP/1.1 and HTTP/2, but TLS is not enabled. HTTP/2 requires TLS application protocol negotiation. Connections to this endpoint will use HTTP/1.1.
2025-11-17 12:34:01.199 +02:00 [WRN] HTTP/2 is not enabled for [::1]:61808. The endpoint is configured to use HTTP/1.1 and HTTP/2, but TLS is not enabled. HTTP/2 requires TLS application protocol negotiation. Connections to this endpoint will use HTTP/1.1.
2025-11-17 12:34:01.200 +02:00 [WRN] HTTP/2 is not enabled for 127.0.0.1:61810. The endpoint is configured to use HTTP/1.1 and HTTP/2, but TLS is not enabled. HTTP/2 requires TLS application protocol negotiation. Connections to this endpoint will use HTTP/1.1.
2025-11-17 12:34:01.200 +02:00 [WRN] HTTP/2 is not enabled for [::1]:61810. The endpoint is configured to use HTTP/1.1 and HTTP/2, but TLS is not enabled. HTTP/2 requires TLS application protocol negotiation. Connections to this endpoint will use HTTP/1.1.
2025-11-17 12:34:01.201 +02:00 [INF] Now listening on: http://localhost:61808
2025-11-17 12:34:01.201 +02:00 [INF] Now listening on: http://localhost:61810
2025-11-17 12:34:01.204 +02:00 [INF] Application started. Press Ctrl+C to shut down.
2025-11-17 12:34:01.204 +02:00 [INF] Hosting environment: Development
2025-11-17 12:34:01.204 +02:00 [INF] Content root path: C:\Users\liza\RiderProjects\StudentPortal\StudentPortal.Enrollment.Api
2025-11-17 12:34:58.522 +02:00 [INF] Application is shutting down...
2025-11-17 13:45:09.604 +02:00 [WRN] HTTP/2 is not enabled for 127.0.0.1:64115. The endpoint is configured to use HTTP/1.1 and HTTP/2, but TLS is not enabled. HTTP/2 requires TLS application protocol negotiation. Connections to this endpoint will use HTTP/1.1.
2025-11-17 13:45:09.663 +02:00 [WRN] HTTP/2 is not enabled for [::1]:64115. The endpoint is configured to use HTTP/1.1 and HTTP/2, but TLS is not enabled. HTTP/2 requires TLS application protocol negotiation. Connections to this endpoint will use HTTP/1.1.
2025-11-17 13:45:09.664 +02:00 [WRN] HTTP/2 is not enabled for 127.0.0.1:64116. The endpoint is configured to use HTTP/1.1 and HTTP/2, but TLS is not enabled. HTTP/2 requires TLS application protocol negotiation. Connections to this endpoint will use HTTP/1.1.
2025-11-17 13:45:09.665 +02:00 [WRN] HTTP/2 is not enabled for [::1]:64116. The endpoint is configured to use HTTP/1.1 and HTTP/2, but TLS is not enabled. HTTP/2 requires TLS application protocol negotiation. Connections to this endpoint will use HTTP/1.1.
2025-11-17 13:45:09.667 +02:00 [INF] Now listening on: http://localhost:64115
2025-11-17 13:45:09.667 +02:00 [INF] Now listening on: http://localhost:64116
2025-11-17 13:45:09.670 +02:00 [INF] Application started. Press Ctrl+C to shut down.
2025-11-17 13:45:09.671 +02:00 [INF] Hosting environment: Development
2025-11-17 13:45:09.671 +02:00 [INF] Content root path: C:\Users\liza\RiderProjects\StudentPortal\StudentPortal.Enrollment.Api
2025-11-17 13:46:02.720 +02:00 [INF] Application is shutting down...
2025-11-17 13:52:38.030 +02:00 [WRN] Overriding address(es) 'http://localhost:58646, http://localhost:58648'. Binding to endpoints defined via IConfiguration and/or UseKestrel() instead.
2025-11-17 13:52:38.084 +02:00 [WRN] HTTP/2 is not enabled for [::]:5001. The endpoint is configured to use HTTP/1.1 and HTTP/2, but TLS is not enabled. HTTP/2 requires TLS application protocol negotiation. Connections to this endpoint will use HTTP/1.1.
2025-11-17 13:52:38.090 +02:00 [INF] Now listening on: http://[::]:5001
2025-11-17 13:52:38.090 +02:00 [INF] Application started. Press Ctrl+C to shut down.
2025-11-17 13:52:38.090 +02:00 [INF] Hosting environment: Development
2025-11-17 13:52:38.090 +02:00 [INF] Content root path: C:\Users\liza\RiderProjects\StudentPortal\StudentPortal.Enrollment.Api
2025-11-17 13:55:35.703 +02:00 [INF] Application is shutting down...
2025-11-17 14:31:43.755 +02:00 [WRN] HTTP/2 is not enabled for 127.0.0.1:57273. The endpoint is configured to use HTTP/1.1 and HTTP/2, but TLS is not enabled. HTTP/2 requires TLS application protocol negotiation. Connections to this endpoint will use HTTP/1.1.
2025-11-17 14:31:43.807 +02:00 [WRN] HTTP/2 is not enabled for [::1]:57273. The endpoint is configured to use HTTP/1.1 and HTTP/2, but TLS is not enabled. HTTP/2 requires TLS application protocol negotiation. Connections to this endpoint will use HTTP/1.1.
2025-11-17 14:31:43.808 +02:00 [WRN] HTTP/2 is not enabled for 127.0.0.1:57274. The endpoint is configured to use HTTP/1.1 and HTTP/2, but TLS is not enabled. HTTP/2 requires TLS application protocol negotiation. Connections to this endpoint will use HTTP/1.1.
2025-11-17 14:31:43.808 +02:00 [WRN] HTTP/2 is not enabled for [::1]:57274. The endpoint is configured to use HTTP/1.1 and HTTP/2, but TLS is not enabled. HTTP/2 requires TLS application protocol negotiation. Connections to this endpoint will use HTTP/1.1.
2025-11-17 14:31:43.810 +02:00 [INF] Now listening on: http://localhost:57273
2025-11-17 14:31:43.810 +02:00 [INF] Now listening on: http://localhost:57274
2025-11-17 14:31:43.811 +02:00 [INF] Application started. Press Ctrl+C to shut down.
2025-11-17 14:31:43.812 +02:00 [INF] Hosting environment: Development
2025-11-17 14:31:43.812 +02:00 [INF] Content root path: C:\Users\liza\RiderProjects\StudentPortal\StudentPortal.Enrollment.Api
2025-11-17 14:32:32.218 +02:00 [INF] Application is shutting down...
2025-11-17 15:41:12.603 +02:00 [WRN] HTTP/2 is not enabled for 127.0.0.1:57174. The endpoint is configured to use HTTP/1.1 and HTTP/2, but TLS is not enabled. HTTP/2 requires TLS application protocol negotiation. Connections to this endpoint will use HTTP/1.1.
2025-11-17 15:41:12.672 +02:00 [WRN] HTTP/2 is not enabled for [::1]:57174. The endpoint is configured to use HTTP/1.1 and HTTP/2, but TLS is not enabled. HTTP/2 requires TLS application protocol negotiation. Connections to this endpoint will use HTTP/1.1.
2025-11-17 15:41:12.673 +02:00 [WRN] HTTP/2 is not enabled for 127.0.0.1:57175. The endpoint is configured to use HTTP/1.1 and HTTP/2, but TLS is not enabled. HTTP/2 requires TLS application protocol negotiation. Connections to this endpoint will use HTTP/1.1.
2025-11-17 15:41:12.674 +02:00 [WRN] HTTP/2 is not enabled for [::1]:57175. The endpoint is configured to use HTTP/1.1 and HTTP/2, but TLS is not enabled. HTTP/2 requires TLS application protocol negotiation. Connections to this endpoint will use HTTP/1.1.
2025-11-17 15:41:12.676 +02:00 [INF] Now listening on: http://localhost:57174
2025-11-17 15:41:12.676 +02:00 [INF] Now listening on: http://localhost:57175
2025-11-17 15:41:12.679 +02:00 [INF] Application started. Press Ctrl+C to shut down.
2025-11-17 15:41:12.679 +02:00 [INF] Hosting environment: Development
2025-11-17 15:41:12.679 +02:00 [INF] Content root path: C:\Users\liza\RiderProjects\StudentPortal\StudentPortal.Enrollment.Api
2025-11-17 15:42:16.828 +02:00 [INF] Application is shutting down...
2025-11-17 15:42:45.521 +02:00 [WRN] HTTP/2 is not enabled for 127.0.0.1:64889. The endpoint is configured to use HTTP/1.1 and HTTP/2, but TLS is not enabled. HTTP/2 requires TLS application protocol negotiation. Connections to this endpoint will use HTTP/1.1.
2025-11-17 15:42:45.623 +02:00 [WRN] HTTP/2 is not enabled for [::1]:64889. The endpoint is configured to use HTTP/1.1 and HTTP/2, but TLS is not enabled. HTTP/2 requires TLS application protocol negotiation. Connections to this endpoint will use HTTP/1.1.
2025-11-17 15:42:45.625 +02:00 [WRN] HTTP/2 is not enabled for 127.0.0.1:64890. The endpoint is configured to use HTTP/1.1 and HTTP/2, but TLS is not enabled. HTTP/2 requires TLS application protocol negotiation. Connections to this endpoint will use HTTP/1.1.
2025-11-17 15:42:45.625 +02:00 [WRN] HTTP/2 is not enabled for [::1]:64890. The endpoint is configured to use HTTP/1.1 and HTTP/2, but TLS is not enabled. HTTP/2 requires TLS application protocol negotiation. Connections to this endpoint will use HTTP/1.1.
2025-11-17 15:42:45.628 +02:00 [INF] Now listening on: http://localhost:64889
2025-11-17 15:42:45.628 +02:00 [INF] Now listening on: http://localhost:64890
2025-11-17 15:42:45.631 +02:00 [INF] Application started. Press Ctrl+C to shut down.
2025-11-17 15:42:45.631 +02:00 [INF] Hosting environment: Development
2025-11-17 15:42:45.631 +02:00 [INF] Content root path: C:\Users\liza\RiderProjects\StudentPortal\StudentPortal.Enrollment.Api
2025-11-17 15:43:22.924 +02:00 [INF] Application is shutting down...
2025-11-17 15:50:07.672 +02:00 [WRN] HTTP/2 is not enabled for 127.0.0.1:53993. The endpoint is configured to use HTTP/1.1 and HTTP/2, but TLS is not enabled. HTTP/2 requires TLS application protocol negotiation. Connections to this endpoint will use HTTP/1.1.
2025-11-17 15:50:07.722 +02:00 [WRN] HTTP/2 is not enabled for [::1]:53993. The endpoint is configured to use HTTP/1.1 and HTTP/2, but TLS is not enabled. HTTP/2 requires TLS application protocol negotiation. Connections to this endpoint will use HTTP/1.1.
2025-11-17 15:50:07.723 +02:00 [WRN] HTTP/2 is not enabled for 127.0.0.1:53994. The endpoint is configured to use HTTP/1.1 and HTTP/2, but TLS is not enabled. HTTP/2 requires TLS application protocol negotiation. Connections to this endpoint will use HTTP/1.1.
2025-11-17 15:50:07.724 +02:00 [WRN] HTTP/2 is not enabled for [::1]:53994. The endpoint is configured to use HTTP/1.1 and HTTP/2, but TLS is not enabled. HTTP/2 requires TLS application protocol negotiation. Connections to this endpoint will use HTTP/1.1.
2025-11-17 15:50:07.725 +02:00 [INF] Now listening on: http://localhost:53993
2025-11-17 15:50:07.726 +02:00 [INF] Now listening on: http://localhost:53994
2025-11-17 15:50:07.727 +02:00 [INF] Application started. Press Ctrl+C to shut down.
2025-11-17 15:50:07.728 +02:00 [INF] Hosting environment: Development
2025-11-17 15:50:07.728 +02:00 [INF] Content root path: C:\Users\liza\RiderProjects\StudentPortal\StudentPortal.Enrollment.Api
2025-11-17 15:51:50.453 +02:00 [INF] Application is shutting down...
2025-11-17 15:53:09.640 +02:00 [WRN] HTTP/2 is not enabled for 127.0.0.1:57377. The endpoint is configured to use HTTP/1.1 and HTTP/2, but TLS is not enabled. HTTP/2 requires TLS application protocol negotiation. Connections to this endpoint will use HTTP/1.1.
2025-11-17 15:53:09.687 +02:00 [WRN] HTTP/2 is not enabled for [::1]:57377. The endpoint is configured to use HTTP/1.1 and HTTP/2, but TLS is not enabled. HTTP/2 requires TLS application protocol negotiation. Connections to this endpoint will use HTTP/1.1.
2025-11-17 15:53:09.688 +02:00 [WRN] HTTP/2 is not enabled for 127.0.0.1:57379. The endpoint is configured to use HTTP/1.1 and HTTP/2, but TLS is not enabled. HTTP/2 requires TLS application protocol negotiation. Connections to this endpoint will use HTTP/1.1.
2025-11-17 15:53:09.688 +02:00 [WRN] HTTP/2 is not enabled for [::1]:57379. The endpoint is configured to use HTTP/1.1 and HTTP/2, but TLS is not enabled. HTTP/2 requires TLS application protocol negotiation. Connections to this endpoint will use HTTP/1.1.
2025-11-17 15:53:09.690 +02:00 [INF] Now listening on: http://localhost:57377
2025-11-17 15:53:09.690 +02:00 [INF] Now listening on: http://localhost:57379
2025-11-17 15:53:09.692 +02:00 [INF] Application started. Press Ctrl+C to shut down.
2025-11-17 15:53:09.692 +02:00 [INF] Hosting environment: Development
2025-11-17 15:53:09.692 +02:00 [INF] Content root path: C:\Users\liza\RiderProjects\StudentPortal\StudentPortal.Enrollment.Api
2025-11-17 15:54:51.042 +02:00 [INF] Application is shutting down...
2025-11-17 16:04:16.580 +02:00 [WRN] HTTP/2 is not enabled for 127.0.0.1:64333. The endpoint is configured to use HTTP/1.1 and HTTP/2, but TLS is not enabled. HTTP/2 requires TLS application protocol negotiation. Connections to this endpoint will use HTTP/1.1.
2025-11-17 16:04:16.657 +02:00 [WRN] HTTP/2 is not enabled for [::1]:64333. The endpoint is configured to use HTTP/1.1 and HTTP/2, but TLS is not enabled. HTTP/2 requires TLS application protocol negotiation. Connections to this endpoint will use HTTP/1.1.
2025-11-17 16:04:16.659 +02:00 [WRN] HTTP/2 is not enabled for 127.0.0.1:64334. The endpoint is configured to use HTTP/1.1 and HTTP/2, but TLS is not enabled. HTTP/2 requires TLS application protocol negotiation. Connections to this endpoint will use HTTP/1.1.
2025-11-17 16:04:16.659 +02:00 [WRN] HTTP/2 is not enabled for [::1]:64334. The endpoint is configured to use HTTP/1.1 and HTTP/2, but TLS is not enabled. HTTP/2 requires TLS application protocol negotiation. Connections to this endpoint will use HTTP/1.1.
2025-11-17 16:04:16.662 +02:00 [INF] Now listening on: http://localhost:64333
2025-11-17 16:04:16.662 +02:00 [INF] Now listening on: http://localhost:64334
2025-11-17 16:04:16.665 +02:00 [INF] Application started. Press Ctrl+C to shut down.
2025-11-17 16:04:16.666 +02:00 [INF] Hosting environment: Development
2025-11-17 16:04:16.666 +02:00 [INF] Content root path: C:\Users\liza\RiderProjects\StudentPortal\StudentPortal.Enrollment.Api
2025-11-17 16:05:08.722 +02:00 [INF] Application is shutting down...
2025-11-17 16:10:56.573 +02:00 [WRN] HTTP/2 is not enabled for 127.0.0.1:56241. The endpoint is configured to use HTTP/1.1 and HTTP/2, but TLS is not enabled. HTTP/2 requires TLS application protocol negotiation. Connections to this endpoint will use HTTP/1.1.
2025-11-17 16:10:56.673 +02:00 [WRN] HTTP/2 is not enabled for [::1]:56241. The endpoint is configured to use HTTP/1.1 and HTTP/2, but TLS is not enabled. HTTP/2 requires TLS application protocol negotiation. Connections to this endpoint will use HTTP/1.1.
2025-11-17 16:10:56.677 +02:00 [INF] Now listening on: http://localhost:56241
2025-11-17 16:10:56.681 +02:00 [INF] Application started. Press Ctrl+C to shut down.
2025-11-17 16:10:56.682 +02:00 [INF] Hosting environment: Development
2025-11-17 16:10:56.682 +02:00 [INF] Content root path: C:\Users\liza\RiderProjects\StudentPortal\StudentPortal.Enrollment.Api
2025-11-17 16:11:37.842 +02:00 [INF] Application is shutting down...
2025-11-17 16:14:36.226 +02:00 [WRN] HTTP/2 is not enabled for 127.0.0.1:54358. The endpoint is configured to use HTTP/1.1 and HTTP/2, but TLS is not enabled. HTTP/2 requires TLS application protocol negotiation. Connections to this endpoint will use HTTP/1.1.
2025-11-17 16:14:36.306 +02:00 [WRN] HTTP/2 is not enabled for [::1]:54358. The endpoint is configured to use HTTP/1.1 and HTTP/2, but TLS is not enabled. HTTP/2 requires TLS application protocol negotiation. Connections to this endpoint will use HTTP/1.1.
2025-11-17 16:14:36.308 +02:00 [WRN] HTTP/2 is not enabled for 127.0.0.1:54359. The endpoint is configured to use HTTP/1.1 and HTTP/2, but TLS is not enabled. HTTP/2 requires TLS application protocol negotiation. Connections to this endpoint will use HTTP/1.1.
2025-11-17 16:14:36.308 +02:00 [WRN] HTTP/2 is not enabled for [::1]:54359. The endpoint is configured to use HTTP/1.1 and HTTP/2, but TLS is not enabled. HTTP/2 requires TLS application protocol negotiation. Connections to this endpoint will use HTTP/1.1.
2025-11-17 16:14:36.341 +02:00 [WRN] The ASP.NET Core developer certificate is not trusted. For information about trusting the ASP.NET Core developer certificate, see https://aka.ms/aspnet/https-trust-dev-cert
2025-11-17 16:14:36.376 +02:00 [INF] Now listening on: http://localhost:54358
2025-11-17 16:14:36.376 +02:00 [INF] Now listening on: http://localhost:54359
2025-11-17 16:14:36.376 +02:00 [INF] Now listening on: https://localhost:54360
2025-11-17 16:14:36.379 +02:00 [INF] Application started. Press Ctrl+C to shut down.
2025-11-17 16:14:36.380 +02:00 [INF] Hosting environment: Development
2025-11-17 16:14:36.381 +02:00 [INF] Content root path: C:\Users\liza\RiderProjects\StudentPortal\StudentPortal.Enrollment.Api
2025-11-17 16:15:06.596 +02:00 [INF] Application is shutting down...
2025-11-17 16:15:44.015 +02:00 [WRN] HTTP/2 is not enabled for 127.0.0.1:53979. The endpoint is configured to use HTTP/1.1 and HTTP/2, but TLS is not enabled. HTTP/2 requires TLS application protocol negotiation. Connections to this endpoint will use HTTP/1.1.
2025-11-17 16:15:44.122 +02:00 [WRN] HTTP/2 is not enabled for [::1]:53979. The endpoint is configured to use HTTP/1.1 and HTTP/2, but TLS is not enabled. HTTP/2 requires TLS application protocol negotiation. Connections to this endpoint will use HTTP/1.1.
2025-11-17 16:15:44.125 +02:00 [WRN] HTTP/2 is not enabled for 127.0.0.1:53980. The endpoint is configured to use HTTP/1.1 and HTTP/2, but TLS is not enabled. HTTP/2 requires TLS application protocol negotiation. Connections to this endpoint will use HTTP/1.1.
2025-11-17 16:15:44.126 +02:00 [WRN] HTTP/2 is not enabled for [::1]:53980. The endpoint is configured to use HTTP/1.1 and HTTP/2, but TLS is not enabled. HTTP/2 requires TLS application protocol negotiation. Connections to this endpoint will use HTTP/1.1.
2025-11-17 16:15:44.164 +02:00 [WRN] The ASP.NET Core developer certificate is not trusted. For information about trusting the ASP.NET Core developer certificate, see https://aka.ms/aspnet/https-trust-dev-cert
2025-11-17 16:15:44.198 +02:00 [INF] Now listening on: http://localhost:53979
2025-11-17 16:15:44.198 +02:00 [INF] Now listening on: http://localhost:53980
2025-11-17 16:15:44.198 +02:00 [INF] Now listening on: https://localhost:53981
2025-11-17 16:15:44.203 +02:00 [INF] Application started. Press Ctrl+C to shut down.
2025-11-17 16:15:44.204 +02:00 [INF] Hosting environment: Development
2025-11-17 16:15:44.204 +02:00 [INF] Content root path: C:\Users\liza\RiderProjects\StudentPortal\StudentPortal.Enrollment.Api
2025-11-17 16:17:01.879 +02:00 [INF] Application is shutting down...
