2025-11-30 19:30:25.863 +02:00 [WRN] License must be specified with SetLicense/SetLicenseLocation or by setting the MT_LICENSE/MT_LICENSE_PATH environment variables
2025-11-30 19:30:26.280 +02:00 [WRN] HTTP/2 is not enabled for 127.0.0.1:58631. The endpoint is configured to use HTTP/1.1 and HTTP/2, but TLS is not enabled. HTTP/2 requires TLS application protocol negotiation. Connections to this endpoint will use HTTP/1.1.
2025-11-30 19:30:26.294 +02:00 [WRN] HTTP/2 is not enabled for [::1]:58631. The endpoint is configured to use HTTP/1.1 and HTTP/2, but TLS is not enabled. HTTP/2 requires TLS application protocol negotiation. Connections to this endpoint will use HTTP/1.1.
2025-11-30 19:30:26.295 +02:00 [WRN] HTTP/2 is not enabled for 127.0.0.1:58637. The endpoint is configured to use HTTP/1.1 and HTTP/2, but TLS is not enabled. HTTP/2 requires TLS application protocol negotiation. Connections to this endpoint will use HTTP/1.1.
2025-11-30 19:30:26.296 +02:00 [WRN] HTTP/2 is not enabled for [::1]:58637. The endpoint is configured to use HTTP/1.1 and HTTP/2, but TLS is not enabled. HTTP/2 requires TLS application protocol negotiation. Connections to this endpoint will use HTTP/1.1.
2025-11-30 19:30:26.328 +02:00 [WRN] The ASP.NET Core developer certificate is not trusted. For information about trusting the ASP.NET Core developer certificate, see https://aka.ms/aspnet/https-trust-dev-cert
2025-11-30 19:30:26.361 +02:00 [INF] Now listening on: http://localhost:58631
2025-11-30 19:30:26.361 +02:00 [INF] Now listening on: http://localhost:58637
2025-11-30 19:30:26.361 +02:00 [INF] Now listening on: https://localhost:58638
2025-11-30 19:30:26.361 +02:00 [INF] Application started. Press Ctrl+C to shut down.
2025-11-30 19:30:26.361 +02:00 [INF] Hosting environment: Development
2025-11-30 19:30:26.362 +02:00 [INF] Content root path: C:\Users\liza\RiderProjects\StudentPortal\StudentPortal.Enrollment.Api
2025-11-30 19:30:26.372 +02:00 [INF] Bus started: "rabbitmq://localhost:50924/"
2025-11-30 19:31:32.433 +02:00 [INF] Application is shutting down...
2025-11-30 19:31:32.544 +02:00 [INF] Bus stopped: "rabbitmq://localhost:50924/"
2025-11-30 19:57:24.753 +02:00 [WRN] License must be specified with SetLicense/SetLicenseLocation or by setting the MT_LICENSE/MT_LICENSE_PATH environment variables
2025-11-30 19:57:25.137 +02:00 [WRN] HTTP/2 is not enabled for 127.0.0.1:50434. The endpoint is configured to use HTTP/1.1 and HTTP/2, but TLS is not enabled. HTTP/2 requires TLS application protocol negotiation. Connections to this endpoint will use HTTP/1.1.
2025-11-30 19:57:25.152 +02:00 [WRN] HTTP/2 is not enabled for [::1]:50434. The endpoint is configured to use HTTP/1.1 and HTTP/2, but TLS is not enabled. HTTP/2 requires TLS application protocol negotiation. Connections to this endpoint will use HTTP/1.1.
2025-11-30 19:57:25.154 +02:00 [WRN] HTTP/2 is not enabled for 127.0.0.1:50436. The endpoint is configured to use HTTP/1.1 and HTTP/2, but TLS is not enabled. HTTP/2 requires TLS application protocol negotiation. Connections to this endpoint will use HTTP/1.1.
2025-11-30 19:57:25.154 +02:00 [WRN] HTTP/2 is not enabled for [::1]:50436. The endpoint is configured to use HTTP/1.1 and HTTP/2, but TLS is not enabled. HTTP/2 requires TLS application protocol negotiation. Connections to this endpoint will use HTTP/1.1.
2025-11-30 19:57:25.185 +02:00 [WRN] The ASP.NET Core developer certificate is not trusted. For information about trusting the ASP.NET Core developer certificate, see https://aka.ms/aspnet/https-trust-dev-cert
2025-11-30 19:57:25.217 +02:00 [INF] Now listening on: http://localhost:50434
2025-11-30 19:57:25.217 +02:00 [INF] Now listening on: http://localhost:50436
2025-11-30 19:57:25.217 +02:00 [INF] Now listening on: https://localhost:50437
2025-11-30 19:57:25.217 +02:00 [INF] Application started. Press Ctrl+C to shut down.
2025-11-30 19:57:25.217 +02:00 [INF] Hosting environment: Development
2025-11-30 19:57:25.217 +02:00 [INF] Content root path: C:\Users\liza\RiderProjects\StudentPortal\StudentPortal.Enrollment.Api
2025-11-30 19:57:25.237 +02:00 [INF] Bus started: "rabbitmq://localhost:64938/"
2025-11-30 19:57:54.453 +02:00 [INF] Application is shutting down...
2025-11-30 19:57:54.508 +02:00 [INF] Bus stopped: "rabbitmq://localhost:64938/"
2025-11-30 20:04:13.367 +02:00 [WRN] License must be specified with SetLicense/SetLicenseLocation or by setting the MT_LICENSE/MT_LICENSE_PATH environment variables
2025-11-30 20:04:13.741 +02:00 [WRN] HTTP/2 is not enabled for 127.0.0.1:57163. The endpoint is configured to use HTTP/1.1 and HTTP/2, but TLS is not enabled. HTTP/2 requires TLS application protocol negotiation. Connections to this endpoint will use HTTP/1.1.
2025-11-30 20:04:13.756 +02:00 [WRN] HTTP/2 is not enabled for [::1]:57163. The endpoint is configured to use HTTP/1.1 and HTTP/2, but TLS is not enabled. HTTP/2 requires TLS application protocol negotiation. Connections to this endpoint will use HTTP/1.1.
2025-11-30 20:04:13.757 +02:00 [WRN] HTTP/2 is not enabled for 127.0.0.1:57164. The endpoint is configured to use HTTP/1.1 and HTTP/2, but TLS is not enabled. HTTP/2 requires TLS application protocol negotiation. Connections to this endpoint will use HTTP/1.1.
2025-11-30 20:04:13.757 +02:00 [WRN] HTTP/2 is not enabled for [::1]:57164. The endpoint is configured to use HTTP/1.1 and HTTP/2, but TLS is not enabled. HTTP/2 requires TLS application protocol negotiation. Connections to this endpoint will use HTTP/1.1.
2025-11-30 20:04:13.786 +02:00 [WRN] The ASP.NET Core developer certificate is not trusted. For information about trusting the ASP.NET Core developer certificate, see https://aka.ms/aspnet/https-trust-dev-cert
2025-11-30 20:04:13.820 +02:00 [INF] Now listening on: http://localhost:57163
2025-11-30 20:04:13.821 +02:00 [INF] Now listening on: http://localhost:57164
2025-11-30 20:04:13.821 +02:00 [INF] Now listening on: https://localhost:57165
2025-11-30 20:04:13.821 +02:00 [INF] Application started. Press Ctrl+C to shut down.
2025-11-30 20:04:13.821 +02:00 [INF] Hosting environment: Development
2025-11-30 20:04:13.821 +02:00 [INF] Content root path: C:\Users\liza\RiderProjects\StudentPortal\StudentPortal.Enrollment.Api
2025-11-30 20:04:13.831 +02:00 [INF] Bus started: "rabbitmq://localhost:58667/"
2025-11-30 20:05:19.573 +02:00 [INF] Application is shutting down...
2025-11-30 20:05:19.630 +02:00 [INF] Bus stopped: "rabbitmq://localhost:58667/"
2025-11-30 20:20:45.785 +02:00 [WRN] License must be specified with SetLicense/SetLicenseLocation or by setting the MT_LICENSE/MT_LICENSE_PATH environment variables
2025-11-30 20:20:46.181 +02:00 [WRN] HTTP/2 is not enabled for 127.0.0.1:63421. The endpoint is configured to use HTTP/1.1 and HTTP/2, but TLS is not enabled. HTTP/2 requires TLS application protocol negotiation. Connections to this endpoint will use HTTP/1.1.
2025-11-30 20:20:46.194 +02:00 [WRN] HTTP/2 is not enabled for [::1]:63421. The endpoint is configured to use HTTP/1.1 and HTTP/2, but TLS is not enabled. HTTP/2 requires TLS application protocol negotiation. Connections to this endpoint will use HTTP/1.1.
2025-11-30 20:20:46.196 +02:00 [WRN] HTTP/2 is not enabled for 127.0.0.1:63422. The endpoint is configured to use HTTP/1.1 and HTTP/2, but TLS is not enabled. HTTP/2 requires TLS application protocol negotiation. Connections to this endpoint will use HTTP/1.1.
2025-11-30 20:20:46.196 +02:00 [WRN] HTTP/2 is not enabled for [::1]:63422. The endpoint is configured to use HTTP/1.1 and HTTP/2, but TLS is not enabled. HTTP/2 requires TLS application protocol negotiation. Connections to this endpoint will use HTTP/1.1.
2025-11-30 20:20:46.226 +02:00 [WRN] The ASP.NET Core developer certificate is not trusted. For information about trusting the ASP.NET Core developer certificate, see https://aka.ms/aspnet/https-trust-dev-cert
2025-11-30 20:20:46.262 +02:00 [INF] Bus started: "rabbitmq://localhost:57864/"
2025-11-30 20:20:46.264 +02:00 [INF] Now listening on: http://localhost:63421
2025-11-30 20:20:46.265 +02:00 [INF] Now listening on: http://localhost:63422
2025-11-30 20:20:46.265 +02:00 [INF] Now listening on: https://localhost:63423
2025-11-30 20:20:46.265 +02:00 [INF] Application started. Press Ctrl+C to shut down.
2025-11-30 20:20:46.265 +02:00 [INF] Hosting environment: Development
2025-11-30 20:20:46.265 +02:00 [INF] Content root path: C:\Users\liza\RiderProjects\StudentPortal\StudentPortal.Enrollment.Api
2025-11-30 20:21:27.028 +02:00 [INF] Application is shutting down...
2025-11-30 20:21:27.084 +02:00 [INF] Bus stopped: "rabbitmq://localhost:57864/"
2025-11-30 20:28:14.788 +02:00 [WRN] License must be specified with SetLicense/SetLicenseLocation or by setting the MT_LICENSE/MT_LICENSE_PATH environment variables
2025-11-30 20:28:15.139 +02:00 [WRN] HTTP/2 is not enabled for 127.0.0.1:57283. The endpoint is configured to use HTTP/1.1 and HTTP/2, but TLS is not enabled. HTTP/2 requires TLS application protocol negotiation. Connections to this endpoint will use HTTP/1.1.
2025-11-30 20:28:15.150 +02:00 [WRN] HTTP/2 is not enabled for [::1]:57283. The endpoint is configured to use HTTP/1.1 and HTTP/2, but TLS is not enabled. HTTP/2 requires TLS application protocol negotiation. Connections to this endpoint will use HTTP/1.1.
2025-11-30 20:28:15.151 +02:00 [WRN] HTTP/2 is not enabled for 127.0.0.1:57285. The endpoint is configured to use HTTP/1.1 and HTTP/2, but TLS is not enabled. HTTP/2 requires TLS application protocol negotiation. Connections to this endpoint will use HTTP/1.1.
2025-11-30 20:28:15.152 +02:00 [WRN] HTTP/2 is not enabled for [::1]:57285. The endpoint is configured to use HTTP/1.1 and HTTP/2, but TLS is not enabled. HTTP/2 requires TLS application protocol negotiation. Connections to this endpoint will use HTTP/1.1.
2025-11-30 20:28:15.180 +02:00 [WRN] The ASP.NET Core developer certificate is not trusted. For information about trusting the ASP.NET Core developer certificate, see https://aka.ms/aspnet/https-trust-dev-cert
2025-11-30 20:28:15.211 +02:00 [INF] Now listening on: http://localhost:57283
2025-11-30 20:28:15.211 +02:00 [INF] Now listening on: http://localhost:57285
2025-11-30 20:28:15.211 +02:00 [INF] Now listening on: https://localhost:57287
2025-11-30 20:28:15.211 +02:00 [INF] Application started. Press Ctrl+C to shut down.
2025-11-30 20:28:15.212 +02:00 [INF] Hosting environment: Development
2025-11-30 20:28:15.212 +02:00 [INF] Content root path: C:\Users\liza\RiderProjects\StudentPortal\StudentPortal.Enrollment.Api
2025-11-30 20:28:15.223 +02:00 [INF] Bus started: "rabbitmq://localhost:49397/"
2025-11-30 20:30:06.758 +02:00 [INF] Application is shutting down...
2025-11-30 20:30:06.859 +02:00 [INF] Bus stopped: "rabbitmq://localhost:49397/"
2025-11-30 20:47:42.181 +02:00 [WRN] License must be specified with SetLicense/SetLicenseLocation or by setting the MT_LICENSE/MT_LICENSE_PATH environment variables
2025-11-30 20:47:42.578 +02:00 [WRN] HTTP/2 is not enabled for 127.0.0.1:63172. The endpoint is configured to use HTTP/1.1 and HTTP/2, but TLS is not enabled. HTTP/2 requires TLS application protocol negotiation. Connections to this endpoint will use HTTP/1.1.
2025-11-30 20:47:42.592 +02:00 [WRN] HTTP/2 is not enabled for [::1]:63172. The endpoint is configured to use HTTP/1.1 and HTTP/2, but TLS is not enabled. HTTP/2 requires TLS application protocol negotiation. Connections to this endpoint will use HTTP/1.1.
2025-11-30 20:47:42.594 +02:00 [WRN] HTTP/2 is not enabled for 127.0.0.1:63173. The endpoint is configured to use HTTP/1.1 and HTTP/2, but TLS is not enabled. HTTP/2 requires TLS application protocol negotiation. Connections to this endpoint will use HTTP/1.1.
2025-11-30 20:47:42.594 +02:00 [WRN] HTTP/2 is not enabled for [::1]:63173. The endpoint is configured to use HTTP/1.1 and HTTP/2, but TLS is not enabled. HTTP/2 requires TLS application protocol negotiation. Connections to this endpoint will use HTTP/1.1.
2025-11-30 20:47:42.625 +02:00 [WRN] The ASP.NET Core developer certificate is not trusted. For information about trusting the ASP.NET Core developer certificate, see https://aka.ms/aspnet/https-trust-dev-cert
2025-11-30 20:47:42.661 +02:00 [INF] Now listening on: http://localhost:63172
2025-11-30 20:47:42.661 +02:00 [INF] Now listening on: http://localhost:63173
2025-11-30 20:47:42.661 +02:00 [INF] Now listening on: https://localhost:63174
2025-11-30 20:47:42.661 +02:00 [INF] Application started. Press Ctrl+C to shut down.
2025-11-30 20:47:42.661 +02:00 [INF] Hosting environment: Development
2025-11-30 20:47:42.661 +02:00 [INF] Content root path: C:\Users\liza\RiderProjects\StudentPortal\StudentPortal.Enrollment.Api
2025-11-30 20:47:42.674 +02:00 [INF] Bus started: "rabbitmq://localhost:51912/"
2025-11-30 20:49:41.785 +02:00 [INF] Application is shutting down...
2025-11-30 20:49:41.884 +02:00 [INF] Bus stopped: "rabbitmq://localhost:51912/"
2025-11-30 22:40:45.262 +02:00 [WRN] License must be specified with SetLicense/SetLicenseLocation or by setting the MT_LICENSE/MT_LICENSE_PATH environment variables
2025-11-30 22:40:45.540 +02:00 [WRN] HTTP/2 is not enabled for 127.0.0.1:57475. The endpoint is configured to use HTTP/1.1 and HTTP/2, but TLS is not enabled. HTTP/2 requires TLS application protocol negotiation. Connections to this endpoint will use HTTP/1.1.
2025-11-30 22:40:45.550 +02:00 [WRN] HTTP/2 is not enabled for [::1]:57475. The endpoint is configured to use HTTP/1.1 and HTTP/2, but TLS is not enabled. HTTP/2 requires TLS application protocol negotiation. Connections to this endpoint will use HTTP/1.1.
2025-11-30 22:40:45.551 +02:00 [WRN] HTTP/2 is not enabled for 127.0.0.1:57479. The endpoint is configured to use HTTP/1.1 and HTTP/2, but TLS is not enabled. HTTP/2 requires TLS application protocol negotiation. Connections to this endpoint will use HTTP/1.1.
2025-11-30 22:40:45.551 +02:00 [WRN] HTTP/2 is not enabled for [::1]:57479. The endpoint is configured to use HTTP/1.1 and HTTP/2, but TLS is not enabled. HTTP/2 requires TLS application protocol negotiation. Connections to this endpoint will use HTTP/1.1.
2025-11-30 22:40:45.573 +02:00 [WRN] The ASP.NET Core developer certificate is not trusted. For information about trusting the ASP.NET Core developer certificate, see https://aka.ms/aspnet/https-trust-dev-cert
2025-11-30 22:40:45.595 +02:00 [INF] Now listening on: http://localhost:57475
2025-11-30 22:40:45.596 +02:00 [INF] Now listening on: http://localhost:57479
2025-11-30 22:40:45.596 +02:00 [INF] Now listening on: https://localhost:57480
2025-11-30 22:40:45.596 +02:00 [INF] Application started. Press Ctrl+C to shut down.
2025-11-30 22:40:45.596 +02:00 [INF] Hosting environment: Development
2025-11-30 22:40:45.596 +02:00 [INF] Content root path: C:\Users\liza\RiderProjects\StudentPortal\StudentPortal.Enrollment.Api
2025-11-30 22:40:45.606 +02:00 [INF] Bus started: "rabbitmq://localhost:56791/"
2025-11-30 22:41:30.837 +02:00 [INF] Application is shutting down...
2025-11-30 22:41:30.910 +02:00 [INF] Bus stopped: "rabbitmq://localhost:56791/"
2025-11-30 22:43:55.862 +02:00 [WRN] License must be specified with SetLicense/SetLicenseLocation or by setting the MT_LICENSE/MT_LICENSE_PATH environment variables
2025-11-30 22:43:56.103 +02:00 [WRN] HTTP/2 is not enabled for 127.0.0.1:59318. The endpoint is configured to use HTTP/1.1 and HTTP/2, but TLS is not enabled. HTTP/2 requires TLS application protocol negotiation. Connections to this endpoint will use HTTP/1.1.
2025-11-30 22:43:56.111 +02:00 [WRN] HTTP/2 is not enabled for [::1]:59318. The endpoint is configured to use HTTP/1.1 and HTTP/2, but TLS is not enabled. HTTP/2 requires TLS application protocol negotiation. Connections to this endpoint will use HTTP/1.1.
2025-11-30 22:43:56.112 +02:00 [WRN] HTTP/2 is not enabled for 127.0.0.1:59319. The endpoint is configured to use HTTP/1.1 and HTTP/2, but TLS is not enabled. HTTP/2 requires TLS application protocol negotiation. Connections to this endpoint will use HTTP/1.1.
2025-11-30 22:43:56.112 +02:00 [WRN] HTTP/2 is not enabled for [::1]:59319. The endpoint is configured to use HTTP/1.1 and HTTP/2, but TLS is not enabled. HTTP/2 requires TLS application protocol negotiation. Connections to this endpoint will use HTTP/1.1.
2025-11-30 22:43:56.131 +02:00 [WRN] The ASP.NET Core developer certificate is not trusted. For information about trusting the ASP.NET Core developer certificate, see https://aka.ms/aspnet/https-trust-dev-cert
2025-11-30 22:43:56.152 +02:00 [INF] Now listening on: http://localhost:59318
2025-11-30 22:43:56.152 +02:00 [INF] Now listening on: http://localhost:59319
2025-11-30 22:43:56.152 +02:00 [INF] Now listening on: https://localhost:59320
2025-11-30 22:43:56.152 +02:00 [INF] Application started. Press Ctrl+C to shut down.
2025-11-30 22:43:56.152 +02:00 [INF] Hosting environment: Development
2025-11-30 22:43:56.152 +02:00 [INF] Content root path: C:\Users\liza\RiderProjects\StudentPortal\StudentPortal.Enrollment.Api
2025-11-30 22:43:56.176 +02:00 [INF] Bus started: "rabbitmq://localhost:61819/"
2025-11-30 22:45:37.605 +02:00 [INF] Application is shutting down...
2025-11-30 22:45:37.726 +02:00 [INF] Bus stopped: "rabbitmq://localhost:61819/"
2025-11-30 22:58:55.896 +02:00 [WRN] License must be specified with SetLicense/SetLicenseLocation or by setting the MT_LICENSE/MT_LICENSE_PATH environment variables
2025-11-30 22:58:56.178 +02:00 [WRN] HTTP/2 is not enabled for 127.0.0.1:57114. The endpoint is configured to use HTTP/1.1 and HTTP/2, but TLS is not enabled. HTTP/2 requires TLS application protocol negotiation. Connections to this endpoint will use HTTP/1.1.
2025-11-30 22:58:56.188 +02:00 [WRN] HTTP/2 is not enabled for [::1]:57114. The endpoint is configured to use HTTP/1.1 and HTTP/2, but TLS is not enabled. HTTP/2 requires TLS application protocol negotiation. Connections to this endpoint will use HTTP/1.1.
2025-11-30 22:58:56.189 +02:00 [WRN] HTTP/2 is not enabled for 127.0.0.1:57125. The endpoint is configured to use HTTP/1.1 and HTTP/2, but TLS is not enabled. HTTP/2 requires TLS application protocol negotiation. Connections to this endpoint will use HTTP/1.1.
2025-11-30 22:58:56.190 +02:00 [WRN] HTTP/2 is not enabled for [::1]:57125. The endpoint is configured to use HTTP/1.1 and HTTP/2, but TLS is not enabled. HTTP/2 requires TLS application protocol negotiation. Connections to this endpoint will use HTTP/1.1.
2025-11-30 22:58:56.212 +02:00 [WRN] The ASP.NET Core developer certificate is not trusted. For information about trusting the ASP.NET Core developer certificate, see https://aka.ms/aspnet/https-trust-dev-cert
2025-11-30 22:58:56.234 +02:00 [INF] Now listening on: http://localhost:57114
2025-11-30 22:58:56.235 +02:00 [INF] Now listening on: http://localhost:57125
2025-11-30 22:58:56.235 +02:00 [INF] Now listening on: https://localhost:57126
2025-11-30 22:58:56.235 +02:00 [INF] Application started. Press Ctrl+C to shut down.
2025-11-30 22:58:56.235 +02:00 [INF] Hosting environment: Development
2025-11-30 22:58:56.235 +02:00 [INF] Content root path: C:\Users\liza\RiderProjects\StudentPortal\StudentPortal.Enrollment.Api
2025-11-30 22:58:56.238 +02:00 [INF] Bus started: "rabbitmq://localhost:50631/"
2025-11-30 23:00:36.617 +02:00 [INF] Application is shutting down...
2025-11-30 23:00:36.705 +02:00 [INF] Bus stopped: "rabbitmq://localhost:50631/"
2025-11-30 23:06:12.136 +02:00 [WRN] License must be specified with SetLicense/SetLicenseLocation or by setting the MT_LICENSE/MT_LICENSE_PATH environment variables
2025-11-30 23:06:12.399 +02:00 [WRN] HTTP/2 is not enabled for 127.0.0.1:60296. The endpoint is configured to use HTTP/1.1 and HTTP/2, but TLS is not enabled. HTTP/2 requires TLS application protocol negotiation. Connections to this endpoint will use HTTP/1.1.
2025-11-30 23:06:12.408 +02:00 [WRN] HTTP/2 is not enabled for [::1]:60296. The endpoint is configured to use HTTP/1.1 and HTTP/2, but TLS is not enabled. HTTP/2 requires TLS application protocol negotiation. Connections to this endpoint will use HTTP/1.1.
2025-11-30 23:06:12.409 +02:00 [WRN] HTTP/2 is not enabled for 127.0.0.1:60298. The endpoint is configured to use HTTP/1.1 and HTTP/2, but TLS is not enabled. HTTP/2 requires TLS application protocol negotiation. Connections to this endpoint will use HTTP/1.1.
2025-11-30 23:06:12.410 +02:00 [WRN] HTTP/2 is not enabled for [::1]:60298. The endpoint is configured to use HTTP/1.1 and HTTP/2, but TLS is not enabled. HTTP/2 requires TLS application protocol negotiation. Connections to this endpoint will use HTTP/1.1.
2025-11-30 23:06:12.431 +02:00 [WRN] The ASP.NET Core developer certificate is not trusted. For information about trusting the ASP.NET Core developer certificate, see https://aka.ms/aspnet/https-trust-dev-cert
2025-11-30 23:06:12.455 +02:00 [INF] Now listening on: http://localhost:60296
2025-11-30 23:06:12.455 +02:00 [INF] Now listening on: http://localhost:60298
2025-11-30 23:06:12.455 +02:00 [INF] Now listening on: https://localhost:60300
2025-11-30 23:06:12.456 +02:00 [INF] Application started. Press Ctrl+C to shut down.
2025-11-30 23:06:12.456 +02:00 [INF] Hosting environment: Development
2025-11-30 23:06:12.456 +02:00 [INF] Content root path: C:\Users\liza\RiderProjects\StudentPortal\StudentPortal.Enrollment.Api
2025-11-30 23:06:12.460 +02:00 [INF] Bus started: "rabbitmq://localhost:50567/"
2025-11-30 23:07:22.155 +02:00 [INF] Application is shutting down...
2025-11-30 23:07:22.255 +02:00 [INF] Bus stopped: "rabbitmq://localhost:50567/"
2025-11-30 23:09:28.511 +02:00 [WRN] License must be specified with SetLicense/SetLicenseLocation or by setting the MT_LICENSE/MT_LICENSE_PATH environment variables
2025-11-30 23:09:28.825 +02:00 [WRN] HTTP/2 is not enabled for 127.0.0.1:60225. The endpoint is configured to use HTTP/1.1 and HTTP/2, but TLS is not enabled. HTTP/2 requires TLS application protocol negotiation. Connections to this endpoint will use HTTP/1.1.
2025-11-30 23:09:28.834 +02:00 [WRN] HTTP/2 is not enabled for [::1]:60225. The endpoint is configured to use HTTP/1.1 and HTTP/2, but TLS is not enabled. HTTP/2 requires TLS application protocol negotiation. Connections to this endpoint will use HTTP/1.1.
2025-11-30 23:09:28.835 +02:00 [WRN] HTTP/2 is not enabled for 127.0.0.1:60228. The endpoint is configured to use HTTP/1.1 and HTTP/2, but TLS is not enabled. HTTP/2 requires TLS application protocol negotiation. Connections to this endpoint will use HTTP/1.1.
2025-11-30 23:09:28.836 +02:00 [WRN] HTTP/2 is not enabled for [::1]:60228. The endpoint is configured to use HTTP/1.1 and HTTP/2, but TLS is not enabled. HTTP/2 requires TLS application protocol negotiation. Connections to this endpoint will use HTTP/1.1.
2025-11-30 23:09:28.855 +02:00 [WRN] The ASP.NET Core developer certificate is not trusted. For information about trusting the ASP.NET Core developer certificate, see https://aka.ms/aspnet/https-trust-dev-cert
2025-11-30 23:09:28.877 +02:00 [INF] Now listening on: http://localhost:60225
2025-11-30 23:09:28.877 +02:00 [INF] Now listening on: http://localhost:60228
2025-11-30 23:09:28.877 +02:00 [INF] Now listening on: https://localhost:60229
2025-11-30 23:09:28.877 +02:00 [INF] Application started. Press Ctrl+C to shut down.
2025-11-30 23:09:28.878 +02:00 [INF] Hosting environment: Development
2025-11-30 23:09:28.878 +02:00 [INF] Content root path: C:\Users\liza\RiderProjects\StudentPortal\StudentPortal.Enrollment.Api
2025-11-30 23:09:28.883 +02:00 [INF] Bus started: "rabbitmq://localhost:51924/"
2025-11-30 23:10:08.300 +02:00 [INF] Application is shutting down...
2025-11-30 23:10:08.374 +02:00 [INF] Bus stopped: "rabbitmq://localhost:51924/"
2025-11-30 23:15:05.293 +02:00 [WRN] License must be specified with SetLicense/SetLicenseLocation or by setting the MT_LICENSE/MT_LICENSE_PATH environment variables
2025-11-30 23:15:05.559 +02:00 [WRN] HTTP/2 is not enabled for 127.0.0.1:57085. The endpoint is configured to use HTTP/1.1 and HTTP/2, but TLS is not enabled. HTTP/2 requires TLS application protocol negotiation. Connections to this endpoint will use HTTP/1.1.
2025-11-30 23:15:05.568 +02:00 [WRN] HTTP/2 is not enabled for [::1]:57085. The endpoint is configured to use HTTP/1.1 and HTTP/2, but TLS is not enabled. HTTP/2 requires TLS application protocol negotiation. Connections to this endpoint will use HTTP/1.1.
2025-11-30 23:15:05.569 +02:00 [WRN] HTTP/2 is not enabled for 127.0.0.1:57089. The endpoint is configured to use HTTP/1.1 and HTTP/2, but TLS is not enabled. HTTP/2 requires TLS application protocol negotiation. Connections to this endpoint will use HTTP/1.1.
2025-11-30 23:15:05.570 +02:00 [WRN] HTTP/2 is not enabled for [::1]:57089. The endpoint is configured to use HTTP/1.1 and HTTP/2, but TLS is not enabled. HTTP/2 requires TLS application protocol negotiation. Connections to this endpoint will use HTTP/1.1.
2025-11-30 23:15:05.589 +02:00 [WRN] The ASP.NET Core developer certificate is not trusted. For information about trusting the ASP.NET Core developer certificate, see https://aka.ms/aspnet/https-trust-dev-cert
2025-11-30 23:15:05.610 +02:00 [INF] Now listening on: http://localhost:57085
2025-11-30 23:15:05.610 +02:00 [INF] Now listening on: http://localhost:57089
2025-11-30 23:15:05.610 +02:00 [INF] Now listening on: https://localhost:57091
2025-11-30 23:15:05.610 +02:00 [INF] Application started. Press Ctrl+C to shut down.
2025-11-30 23:15:05.610 +02:00 [INF] Hosting environment: Development
2025-11-30 23:15:05.610 +02:00 [INF] Content root path: C:\Users\liza\RiderProjects\StudentPortal\StudentPortal.Enrollment.Api
2025-11-30 23:15:05.617 +02:00 [INF] Bus started: "rabbitmq://localhost:52476/"
2025-11-30 23:15:53.547 +02:00 [INF] Application is shutting down...
2025-11-30 23:15:53.729 +02:00 [INF] Bus stopped: "rabbitmq://localhost:52476/"
2025-11-30 23:23:50.141 +02:00 [WRN] License must be specified with SetLicense/SetLicenseLocation or by setting the MT_LICENSE/MT_LICENSE_PATH environment variables
2025-11-30 23:23:50.424 +02:00 [WRN] HTTP/2 is not enabled for 127.0.0.1:55326. The endpoint is configured to use HTTP/1.1 and HTTP/2, but TLS is not enabled. HTTP/2 requires TLS application protocol negotiation. Connections to this endpoint will use HTTP/1.1.
2025-11-30 23:23:50.434 +02:00 [WRN] HTTP/2 is not enabled for [::1]:55326. The endpoint is configured to use HTTP/1.1 and HTTP/2, but TLS is not enabled. HTTP/2 requires TLS application protocol negotiation. Connections to this endpoint will use HTTP/1.1.
2025-11-30 23:23:50.435 +02:00 [WRN] HTTP/2 is not enabled for 127.0.0.1:55328. The endpoint is configured to use HTTP/1.1 and HTTP/2, but TLS is not enabled. HTTP/2 requires TLS application protocol negotiation. Connections to this endpoint will use HTTP/1.1.
2025-11-30 23:23:50.435 +02:00 [WRN] HTTP/2 is not enabled for [::1]:55328. The endpoint is configured to use HTTP/1.1 and HTTP/2, but TLS is not enabled. HTTP/2 requires TLS application protocol negotiation. Connections to this endpoint will use HTTP/1.1.
2025-11-30 23:23:50.455 +02:00 [WRN] The ASP.NET Core developer certificate is not trusted. For information about trusting the ASP.NET Core developer certificate, see https://aka.ms/aspnet/https-trust-dev-cert
2025-11-30 23:23:50.478 +02:00 [INF] Now listening on: http://localhost:55326
2025-11-30 23:23:50.478 +02:00 [INF] Now listening on: http://localhost:55328
2025-11-30 23:23:50.478 +02:00 [INF] Now listening on: https://localhost:55330
2025-11-30 23:23:50.478 +02:00 [INF] Application started. Press Ctrl+C to shut down.
2025-11-30 23:23:50.478 +02:00 [INF] Hosting environment: Development
2025-11-30 23:23:50.478 +02:00 [INF] Content root path: C:\Users\liza\RiderProjects\StudentPortal\StudentPortal.Enrollment.Api
2025-11-30 23:23:50.482 +02:00 [INF] Bus started: "rabbitmq://localhost:63060/"
2025-11-30 23:24:47.621 +02:00 [INF] Application is shutting down...
2025-11-30 23:24:47.725 +02:00 [INF] Bus stopped: "rabbitmq://localhost:63060/"
