2025-11-18 12:38:32.720 +02:00 [WRN] HTTP/2 is not enabled for 127.0.0.1:59010. The endpoint is configured to use HTTP/1.1 and HTTP/2, but TLS is not enabled. HTTP/2 requires TLS application protocol negotiation. Connections to this endpoint will use HTTP/1.1.
2025-11-18 12:38:32.759 +02:00 [WRN] HTTP/2 is not enabled for [::1]:59010. The endpoint is configured to use HTTP/1.1 and HTTP/2, but TLS is not enabled. HTTP/2 requires TLS application protocol negotiation. Connections to this endpoint will use HTTP/1.1.
2025-11-18 12:38:32.760 +02:00 [WRN] HTTP/2 is not enabled for 127.0.0.1:59011. The endpoint is configured to use HTTP/1.1 and HTTP/2, but TLS is not enabled. HTTP/2 requires TLS application protocol negotiation. Connections to this endpoint will use HTTP/1.1.
2025-11-18 12:38:32.760 +02:00 [WRN] HTTP/2 is not enabled for [::1]:59011. The endpoint is configured to use HTTP/1.1 and HTTP/2, but TLS is not enabled. HTTP/2 requires TLS application protocol negotiation. Connections to this endpoint will use HTTP/1.1.
2025-11-18 12:38:32.782 +02:00 [WRN] The ASP.NET Core developer certificate is not trusted. For information about trusting the ASP.NET Core developer certificate, see https://aka.ms/aspnet/https-trust-dev-cert
2025-11-18 12:38:32.799 +02:00 [INF] Now listening on: http://localhost:59010
2025-11-18 12:38:32.799 +02:00 [INF] Now listening on: http://localhost:59011
2025-11-18 12:38:32.799 +02:00 [INF] Now listening on: https://localhost:59012
2025-11-18 12:38:32.801 +02:00 [INF] Application started. Press Ctrl+C to shut down.
2025-11-18 12:38:32.801 +02:00 [INF] Hosting environment: Development
2025-11-18 12:38:32.801 +02:00 [INF] Content root path: C:\Users\liza\RiderProjects\StudentPortal\StudentPortal.Enrollment.Api
2025-11-18 12:40:39.483 +02:00 [INF] Application is shutting down...
2025-11-18 13:16:15.863 +02:00 [WRN] The ASP.NET Core developer certificate is not trusted. For information about trusting the ASP.NET Core developer certificate, see https://aka.ms/aspnet/https-trust-dev-cert
2025-11-18 13:16:15.947 +02:00 [WRN] HTTP/2 is not enabled for 127.0.0.1:57757. The endpoint is configured to use HTTP/1.1 and HTTP/2, but TLS is not enabled. HTTP/2 requires TLS application protocol negotiation. Connections to this endpoint will use HTTP/1.1.
2025-11-18 13:16:15.955 +02:00 [WRN] HTTP/2 is not enabled for [::1]:57757. The endpoint is configured to use HTTP/1.1 and HTTP/2, but TLS is not enabled. HTTP/2 requires TLS application protocol negotiation. Connections to this endpoint will use HTTP/1.1.
2025-11-18 13:16:15.955 +02:00 [WRN] HTTP/2 is not enabled for 127.0.0.1:57759. The endpoint is configured to use HTTP/1.1 and HTTP/2, but TLS is not enabled. HTTP/2 requires TLS application protocol negotiation. Connections to this endpoint will use HTTP/1.1.
2025-11-18 13:16:15.956 +02:00 [WRN] HTTP/2 is not enabled for [::1]:57759. The endpoint is configured to use HTTP/1.1 and HTTP/2, but TLS is not enabled. HTTP/2 requires TLS application protocol negotiation. Connections to this endpoint will use HTTP/1.1.
2025-11-18 13:16:15.959 +02:00 [INF] Now listening on: https://localhost:57755
2025-11-18 13:16:15.959 +02:00 [INF] Now listening on: http://localhost:57757
2025-11-18 13:16:15.959 +02:00 [INF] Now listening on: http://localhost:57759
2025-11-18 13:16:15.959 +02:00 [INF] Now listening on: https://localhost:57762
2025-11-18 13:16:15.961 +02:00 [INF] Application started. Press Ctrl+C to shut down.
2025-11-18 13:16:15.962 +02:00 [INF] Hosting environment: Development
2025-11-18 13:16:15.962 +02:00 [INF] Content root path: C:\Users\liza\RiderProjects\StudentPortal\StudentPortal.Enrollment.Api
2025-11-18 13:17:07.442 +02:00 [INF] Application is shutting down...
2025-11-18 13:17:28.221 +02:00 [WRN] HTTP/2 is not enabled for 127.0.0.1:60579. The endpoint is configured to use HTTP/1.1 and HTTP/2, but TLS is not enabled. HTTP/2 requires TLS application protocol negotiation. Connections to this endpoint will use HTTP/1.1.
2025-11-18 13:17:28.267 +02:00 [WRN] HTTP/2 is not enabled for [::1]:60579. The endpoint is configured to use HTTP/1.1 and HTTP/2, but TLS is not enabled. HTTP/2 requires TLS application protocol negotiation. Connections to this endpoint will use HTTP/1.1.
2025-11-18 13:17:28.269 +02:00 [WRN] HTTP/2 is not enabled for 127.0.0.1:60582. The endpoint is configured to use HTTP/1.1 and HTTP/2, but TLS is not enabled. HTTP/2 requires TLS application protocol negotiation. Connections to this endpoint will use HTTP/1.1.
2025-11-18 13:17:28.269 +02:00 [WRN] HTTP/2 is not enabled for [::1]:60582. The endpoint is configured to use HTTP/1.1 and HTTP/2, but TLS is not enabled. HTTP/2 requires TLS application protocol negotiation. Connections to this endpoint will use HTTP/1.1.
2025-11-18 13:17:28.296 +02:00 [WRN] The ASP.NET Core developer certificate is not trusted. For information about trusting the ASP.NET Core developer certificate, see https://aka.ms/aspnet/https-trust-dev-cert
2025-11-18 13:17:28.325 +02:00 [INF] Now listening on: http://localhost:60579
2025-11-18 13:17:28.325 +02:00 [INF] Now listening on: http://localhost:60582
2025-11-18 13:17:28.325 +02:00 [INF] Now listening on: https://localhost:60583
2025-11-18 13:17:28.328 +02:00 [INF] Application started. Press Ctrl+C to shut down.
2025-11-18 13:17:28.329 +02:00 [INF] Hosting environment: Development
2025-11-18 13:17:28.329 +02:00 [INF] Content root path: C:\Users\liza\RiderProjects\StudentPortal\StudentPortal.Enrollment.Api
2025-11-18 13:18:15.846 +02:00 [INF] Application is shutting down...
2025-11-18 13:18:38.613 +02:00 [WRN] HTTP/2 is not enabled for 127.0.0.1:58040. The endpoint is configured to use HTTP/1.1 and HTTP/2, but TLS is not enabled. HTTP/2 requires TLS application protocol negotiation. Connections to this endpoint will use HTTP/1.1.
2025-11-18 13:18:38.671 +02:00 [WRN] HTTP/2 is not enabled for [::1]:58040. The endpoint is configured to use HTTP/1.1 and HTTP/2, but TLS is not enabled. HTTP/2 requires TLS application protocol negotiation. Connections to this endpoint will use HTTP/1.1.
2025-11-18 13:18:38.673 +02:00 [WRN] HTTP/2 is not enabled for 127.0.0.1:58042. The endpoint is configured to use HTTP/1.1 and HTTP/2, but TLS is not enabled. HTTP/2 requires TLS application protocol negotiation. Connections to this endpoint will use HTTP/1.1.
2025-11-18 13:18:38.673 +02:00 [WRN] HTTP/2 is not enabled for [::1]:58042. The endpoint is configured to use HTTP/1.1 and HTTP/2, but TLS is not enabled. HTTP/2 requires TLS application protocol negotiation. Connections to this endpoint will use HTTP/1.1.
2025-11-18 13:18:38.701 +02:00 [WRN] The ASP.NET Core developer certificate is not trusted. For information about trusting the ASP.NET Core developer certificate, see https://aka.ms/aspnet/https-trust-dev-cert
2025-11-18 13:18:38.731 +02:00 [INF] Now listening on: http://localhost:58040
2025-11-18 13:18:38.731 +02:00 [INF] Now listening on: http://localhost:58042
2025-11-18 13:18:38.731 +02:00 [INF] Now listening on: https://localhost:58043
2025-11-18 13:18:38.734 +02:00 [INF] Application started. Press Ctrl+C to shut down.
2025-11-18 13:18:38.735 +02:00 [INF] Hosting environment: Development
2025-11-18 13:18:38.735 +02:00 [INF] Content root path: C:\Users\liza\RiderProjects\StudentPortal\StudentPortal.Enrollment.Api
2025-11-18 13:21:28.640 +02:00 [INF] Application is shutting down...
2025-11-18 13:26:15.301 +02:00 [WRN] HTTP/2 is not enabled for 127.0.0.1:51918. The endpoint is configured to use HTTP/1.1 and HTTP/2, but TLS is not enabled. HTTP/2 requires TLS application protocol negotiation. Connections to this endpoint will use HTTP/1.1.
2025-11-18 13:26:15.351 +02:00 [WRN] HTTP/2 is not enabled for [::1]:51918. The endpoint is configured to use HTTP/1.1 and HTTP/2, but TLS is not enabled. HTTP/2 requires TLS application protocol negotiation. Connections to this endpoint will use HTTP/1.1.
2025-11-18 13:26:15.352 +02:00 [WRN] HTTP/2 is not enabled for 127.0.0.1:51919. The endpoint is configured to use HTTP/1.1 and HTTP/2, but TLS is not enabled. HTTP/2 requires TLS application protocol negotiation. Connections to this endpoint will use HTTP/1.1.
2025-11-18 13:26:15.352 +02:00 [WRN] HTTP/2 is not enabled for [::1]:51919. The endpoint is configured to use HTTP/1.1 and HTTP/2, but TLS is not enabled. HTTP/2 requires TLS application protocol negotiation. Connections to this endpoint will use HTTP/1.1.
2025-11-18 13:26:15.375 +02:00 [WRN] The ASP.NET Core developer certificate is not trusted. For information about trusting the ASP.NET Core developer certificate, see https://aka.ms/aspnet/https-trust-dev-cert
2025-11-18 13:26:15.404 +02:00 [INF] Now listening on: http://localhost:51918
2025-11-18 13:26:15.404 +02:00 [INF] Now listening on: http://localhost:51919
2025-11-18 13:26:15.404 +02:00 [INF] Now listening on: https://localhost:51920
2025-11-18 13:26:15.407 +02:00 [INF] Application started. Press Ctrl+C to shut down.
2025-11-18 13:26:15.408 +02:00 [INF] Hosting environment: Development
2025-11-18 13:26:15.408 +02:00 [INF] Content root path: C:\Users\liza\RiderProjects\StudentPortal\StudentPortal.Enrollment.Api
2025-11-18 13:27:01.538 +02:00 [INF] Application is shutting down...
2025-11-18 13:33:37.094 +02:00 [WRN] HTTP/2 is not enabled for 127.0.0.1:50155. The endpoint is configured to use HTTP/1.1 and HTTP/2, but TLS is not enabled. HTTP/2 requires TLS application protocol negotiation. Connections to this endpoint will use HTTP/1.1.
2025-11-18 13:33:37.141 +02:00 [WRN] HTTP/2 is not enabled for [::1]:50155. The endpoint is configured to use HTTP/1.1 and HTTP/2, but TLS is not enabled. HTTP/2 requires TLS application protocol negotiation. Connections to this endpoint will use HTTP/1.1.
2025-11-18 13:33:37.142 +02:00 [WRN] HTTP/2 is not enabled for 127.0.0.1:50156. The endpoint is configured to use HTTP/1.1 and HTTP/2, but TLS is not enabled. HTTP/2 requires TLS application protocol negotiation. Connections to this endpoint will use HTTP/1.1.
2025-11-18 13:33:37.143 +02:00 [WRN] HTTP/2 is not enabled for [::1]:50156. The endpoint is configured to use HTTP/1.1 and HTTP/2, but TLS is not enabled. HTTP/2 requires TLS application protocol negotiation. Connections to this endpoint will use HTTP/1.1.
2025-11-18 13:33:37.162 +02:00 [WRN] The ASP.NET Core developer certificate is not trusted. For information about trusting the ASP.NET Core developer certificate, see https://aka.ms/aspnet/https-trust-dev-cert
2025-11-18 13:33:37.181 +02:00 [INF] Now listening on: http://localhost:50155
2025-11-18 13:33:37.181 +02:00 [INF] Now listening on: http://localhost:50156
2025-11-18 13:33:37.181 +02:00 [INF] Now listening on: https://localhost:50157
2025-11-18 13:33:37.184 +02:00 [INF] Application started. Press Ctrl+C to shut down.
2025-11-18 13:33:37.184 +02:00 [INF] Hosting environment: Development
2025-11-18 13:33:37.185 +02:00 [INF] Content root path: C:\Users\liza\RiderProjects\StudentPortal\StudentPortal.Enrollment.Api
2025-11-18 13:34:26.983 +02:00 [INF] Request starting HTTP/2 POST https://localhost:7047/enrollment.EnrollmentGrpcService/GetEnrollmentById - application/grpc null
2025-11-18 13:34:27.040 +02:00 [INF] Executing endpoint 'gRPC - /enrollment.EnrollmentGrpcService/GetEnrollmentById'
2025-11-18 13:34:27.069 +02:00 [INF] gRPC request started: /enrollment.EnrollmentGrpcService/GetEnrollmentById from ipv6:[::1]:53870
2025-11-18 13:34:27.387 +02:00 [WRN] You do not have a valid license key for the Lucky Penny software AutoMapper. This is allowed for development and testing scenarios. If you are running in production you are required to have a licensed version. Please visit https://luckypennysoftware.com to obtain a valid license.
2025-11-18 13:34:27.767 +02:00 [ERR] Error in GetEnrollmentById gRPC call for EnrollmentId: 1
AutoMapper.AutoMapperMappingException: Missing type map configuration or unsupported mapping.

Mapping types:
Enrollment -> Enrollment
StudentPortal.Enrollment.Domain.Entities.Enrollment -> StudentPortal.EnrollmentService.Grpc.Enrollment
   at lambda_method2(Closure, Object, Enrollment, ResolutionContext)
   at StudentPortal.Enrollment.GrpcService.Services.EnrollmentGrpcServiceImpl.GetEnrollmentById(GetEnrollmentByIdRequest request, ServerCallContext context) in C:\Users\liza\RiderProjects\StudentPortal\StudentPortal.Enrollment.GrpcService\Services\EnrollmentGrpcServiceImpl.cs:line 70
2025-11-18 13:34:27.802 +02:00 [ERR] gRPC request failed: /enrollment.EnrollmentGrpcService/GetEnrollmentById with status "Internal" in 735ms. Detail: Missing type map configuration or unsupported mapping.

Mapping types:
Enrollment -> Enrollment
StudentPortal.Enrollment.Domain.Entities.Enrollment -> StudentPortal.EnrollmentService.Grpc.Enrollment
Grpc.Core.RpcException: Status(StatusCode="Internal", Detail="Missing type map configuration or unsupported mapping.

Mapping types:
Enrollment -> Enrollment
StudentPortal.Enrollment.Domain.Entities.Enrollment -> StudentPortal.EnrollmentService.Grpc.Enrollment")
   at StudentPortal.Enrollment.GrpcService.Services.EnrollmentGrpcServiceImpl.GetEnrollmentById(GetEnrollmentByIdRequest request, ServerCallContext context) in C:\Users\liza\RiderProjects\StudentPortal\StudentPortal.Enrollment.GrpcService\Services\EnrollmentGrpcServiceImpl.cs:line 85
   at Grpc.Shared.Server.UnaryServerMethodInvoker`3.ResolvedInterceptorInvoker(TRequest resolvedRequest, ServerCallContext resolvedContext)
   at Grpc.Shared.Server.UnaryServerMethodInvoker`3.ResolvedInterceptorInvoker(TRequest resolvedRequest, ServerCallContext resolvedContext)
   at StudentPortal.ServiceDefaults.Extensions.GrpcLoggingInterceptor.UnaryServerHandler[TRequest,TResponse](TRequest request, ServerCallContext context, UnaryServerMethod`2 continuation) in C:\Users\liza\RiderProjects\StudentPortal\StudenPortal.ServiceDefaults\Extensions\GrpcLoggingInterceptor.cs:line 35
2025-11-18 13:34:27.828 +02:00 [INF] Error status code '"Internal"' with detail 'Missing type map configuration or unsupported mapping.

Mapping types:
Enrollment -> Enrollment
StudentPortal.Enrollment.Domain.Entities.Enrollment -> StudentPortal.EnrollmentService.Grpc.Enrollment' raised.
2025-11-18 13:34:27.833 +02:00 [INF] Executed endpoint 'gRPC - /enrollment.EnrollmentGrpcService/GetEnrollmentById'
2025-11-18 13:34:27.841 +02:00 [INF] Request finished HTTP/2 POST https://localhost:7047/enrollment.EnrollmentGrpcService/GetEnrollmentById - 200 0 application/grpc 878.4113ms
2025-11-18 13:37:07.500 +02:00 [INF] Application is shutting down...
2025-11-18 13:44:09.158 +02:00 [WRN] HTTP/2 is not enabled for 127.0.0.1:57291. The endpoint is configured to use HTTP/1.1 and HTTP/2, but TLS is not enabled. HTTP/2 requires TLS application protocol negotiation. Connections to this endpoint will use HTTP/1.1.
2025-11-18 13:44:09.221 +02:00 [WRN] HTTP/2 is not enabled for [::1]:57291. The endpoint is configured to use HTTP/1.1 and HTTP/2, but TLS is not enabled. HTTP/2 requires TLS application protocol negotiation. Connections to this endpoint will use HTTP/1.1.
2025-11-18 13:44:09.222 +02:00 [WRN] HTTP/2 is not enabled for 127.0.0.1:57292. The endpoint is configured to use HTTP/1.1 and HTTP/2, but TLS is not enabled. HTTP/2 requires TLS application protocol negotiation. Connections to this endpoint will use HTTP/1.1.
2025-11-18 13:44:09.223 +02:00 [WRN] HTTP/2 is not enabled for [::1]:57292. The endpoint is configured to use HTTP/1.1 and HTTP/2, but TLS is not enabled. HTTP/2 requires TLS application protocol negotiation. Connections to this endpoint will use HTTP/1.1.
2025-11-18 13:44:09.247 +02:00 [WRN] The ASP.NET Core developer certificate is not trusted. For information about trusting the ASP.NET Core developer certificate, see https://aka.ms/aspnet/https-trust-dev-cert
2025-11-18 13:44:09.288 +02:00 [INF] Now listening on: http://localhost:57291
2025-11-18 13:44:09.290 +02:00 [INF] Now listening on: http://localhost:57292
2025-11-18 13:44:09.290 +02:00 [INF] Now listening on: https://localhost:57293
2025-11-18 13:44:09.294 +02:00 [INF] Application started. Press Ctrl+C to shut down.
2025-11-18 13:44:09.295 +02:00 [INF] Hosting environment: Development
2025-11-18 13:44:09.295 +02:00 [INF] Content root path: C:\Users\liza\RiderProjects\StudentPortal\StudentPortal.Enrollment.Api
2025-11-18 13:45:04.733 +02:00 [INF] Request starting HTTP/2 POST https://localhost:7047/enrollment.EnrollmentGrpcService/GetEnrollmentById - application/grpc null
2025-11-18 13:45:04.788 +02:00 [INF] Executing endpoint 'gRPC - /enrollment.EnrollmentGrpcService/GetEnrollmentById'
2025-11-18 13:45:04.811 +02:00 [INF] gRPC request started: /enrollment.EnrollmentGrpcService/GetEnrollmentById from ipv6:[::1]:53206
2025-11-18 13:45:05.158 +02:00 [WRN] You do not have a valid license key for the Lucky Penny software AutoMapper. This is allowed for development and testing scenarios. If you are running in production you are required to have a licensed version. Please visit https://luckypennysoftware.com to obtain a valid license.
2025-11-18 13:45:05.328 +02:00 [ERR] Error in GetEnrollmentById gRPC call for EnrollmentId: 1
AutoMapper.AutoMapperMappingException: Missing type map configuration or unsupported mapping.

Mapping types:
Enrollment -> Enrollment
StudentPortal.Enrollment.Domain.Entities.Enrollment -> StudentPortal.EnrollmentService.Grpc.Enrollment
   at lambda_method2(Closure, Object, Enrollment, ResolutionContext)
   at StudentPortal.Enrollment.GrpcService.Services.EnrollmentGrpcServiceImpl.GetEnrollmentById(GetEnrollmentByIdRequest request, ServerCallContext context) in C:\Users\liza\RiderProjects\StudentPortal\StudentPortal.Enrollment.GrpcService\Services\EnrollmentGrpcServiceImpl.cs:line 70
2025-11-18 13:45:05.344 +02:00 [ERR] gRPC request failed: /enrollment.EnrollmentGrpcService/GetEnrollmentById with status "Internal" in 535ms. Detail: Missing type map configuration or unsupported mapping.

Mapping types:
Enrollment -> Enrollment
StudentPortal.Enrollment.Domain.Entities.Enrollment -> StudentPortal.EnrollmentService.Grpc.Enrollment
Grpc.Core.RpcException: Status(StatusCode="Internal", Detail="Missing type map configuration or unsupported mapping.

Mapping types:
Enrollment -> Enrollment
StudentPortal.Enrollment.Domain.Entities.Enrollment -> StudentPortal.EnrollmentService.Grpc.Enrollment")
   at StudentPortal.Enrollment.GrpcService.Services.EnrollmentGrpcServiceImpl.GetEnrollmentById(GetEnrollmentByIdRequest request, ServerCallContext context) in C:\Users\liza\RiderProjects\StudentPortal\StudentPortal.Enrollment.GrpcService\Services\EnrollmentGrpcServiceImpl.cs:line 85
   at Grpc.Shared.Server.UnaryServerMethodInvoker`3.ResolvedInterceptorInvoker(TRequest resolvedRequest, ServerCallContext resolvedContext)
   at Grpc.Shared.Server.UnaryServerMethodInvoker`3.ResolvedInterceptorInvoker(TRequest resolvedRequest, ServerCallContext resolvedContext)
   at StudentPortal.ServiceDefaults.Extensions.GrpcLoggingInterceptor.UnaryServerHandler[TRequest,TResponse](TRequest request, ServerCallContext context, UnaryServerMethod`2 continuation) in C:\Users\liza\RiderProjects\StudentPortal\StudenPortal.ServiceDefaults\Extensions\GrpcLoggingInterceptor.cs:line 35
2025-11-18 13:45:05.356 +02:00 [INF] Error status code '"Internal"' with detail 'Missing type map configuration or unsupported mapping.

Mapping types:
Enrollment -> Enrollment
StudentPortal.Enrollment.Domain.Entities.Enrollment -> StudentPortal.EnrollmentService.Grpc.Enrollment' raised.
2025-11-18 13:45:05.363 +02:00 [INF] Executed endpoint 'gRPC - /enrollment.EnrollmentGrpcService/GetEnrollmentById'
2025-11-18 13:45:05.371 +02:00 [INF] Request finished HTTP/2 POST https://localhost:7047/enrollment.EnrollmentGrpcService/GetEnrollmentById - 200 0 application/grpc 658.1395ms
2025-11-18 13:45:43.687 +02:00 [INF] Application is shutting down...
2025-11-18 13:48:08.976 +02:00 [WRN] HTTP/2 is not enabled for 127.0.0.1:49853. The endpoint is configured to use HTTP/1.1 and HTTP/2, but TLS is not enabled. HTTP/2 requires TLS application protocol negotiation. Connections to this endpoint will use HTTP/1.1.
2025-11-18 13:48:09.015 +02:00 [WRN] HTTP/2 is not enabled for [::1]:49853. The endpoint is configured to use HTTP/1.1 and HTTP/2, but TLS is not enabled. HTTP/2 requires TLS application protocol negotiation. Connections to this endpoint will use HTTP/1.1.
2025-11-18 13:48:09.016 +02:00 [WRN] HTTP/2 is not enabled for 127.0.0.1:49855. The endpoint is configured to use HTTP/1.1 and HTTP/2, but TLS is not enabled. HTTP/2 requires TLS application protocol negotiation. Connections to this endpoint will use HTTP/1.1.
2025-11-18 13:48:09.016 +02:00 [WRN] HTTP/2 is not enabled for [::1]:49855. The endpoint is configured to use HTTP/1.1 and HTTP/2, but TLS is not enabled. HTTP/2 requires TLS application protocol negotiation. Connections to this endpoint will use HTTP/1.1.
2025-11-18 13:48:09.031 +02:00 [WRN] The ASP.NET Core developer certificate is not trusted. For information about trusting the ASP.NET Core developer certificate, see https://aka.ms/aspnet/https-trust-dev-cert
2025-11-18 13:48:09.046 +02:00 [INF] Now listening on: http://localhost:49853
2025-11-18 13:48:09.046 +02:00 [INF] Now listening on: http://localhost:49855
2025-11-18 13:48:09.046 +02:00 [INF] Now listening on: https://localhost:49859
2025-11-18 13:48:09.048 +02:00 [INF] Application started. Press Ctrl+C to shut down.
2025-11-18 13:48:09.049 +02:00 [INF] Hosting environment: Development
2025-11-18 13:48:09.049 +02:00 [INF] Content root path: C:\Users\liza\RiderProjects\StudentPortal\StudentPortal.Enrollment.Api
2025-11-18 13:48:27.228 +02:00 [INF] Request starting HTTP/2 POST https://localhost:7047/enrollment.EnrollmentGrpcService/GetEnrollmentById - application/grpc null
2025-11-18 13:48:27.283 +02:00 [INF] Executing endpoint 'gRPC - /enrollment.EnrollmentGrpcService/GetEnrollmentById'
2025-11-18 13:48:27.307 +02:00 [INF] gRPC request started: /enrollment.EnrollmentGrpcService/GetEnrollmentById from ipv6:[::1]:64414
2025-11-18 13:48:27.624 +02:00 [WRN] You do not have a valid license key for the Lucky Penny software AutoMapper. This is allowed for development and testing scenarios. If you are running in production you are required to have a licensed version. Please visit https://luckypennysoftware.com to obtain a valid license.
2025-11-18 13:48:27.801 +02:00 [INF] Returned enrollment 1 via gRPC
2025-11-18 13:48:27.803 +02:00 [INF] gRPC request completed: /enrollment.EnrollmentGrpcService/GetEnrollmentById with status "OK" in 497ms
2025-11-18 13:48:27.818 +02:00 [INF] Executed endpoint 'gRPC - /enrollment.EnrollmentGrpcService/GetEnrollmentById'
2025-11-18 13:48:27.826 +02:00 [INF] Request finished HTTP/2 POST https://localhost:7047/enrollment.EnrollmentGrpcService/GetEnrollmentById - 200 null application/grpc 616.6569ms
2025-11-18 13:48:52.186 +02:00 [INF] Application is shutting down...
