2025-11-09 15:50:04.676 +02:00 [INF] Now listening on: http://localhost:52325
2025-11-09 15:50:04.707 +02:00 [INF] Now listening on: http://localhost:52327
2025-11-09 15:50:04.709 +02:00 [INF] Application started. Press Ctrl+C to shut down.
2025-11-09 15:50:04.710 +02:00 [INF] Hosting environment: Development
2025-11-09 15:50:04.710 +02:00 [INF] Content root path: C:\Users\liza\RiderProjects\StudentPortal\StudentPortal.Enrollment.Api
2025-11-09 15:53:09.634 +02:00 [INF] Application is shutting down...
2025-11-09 15:56:12.346 +02:00 [INF] Now listening on: http://localhost:58790
2025-11-09 15:56:12.376 +02:00 [INF] Now listening on: http://localhost:58791
2025-11-09 15:56:12.378 +02:00 [INF] Application started. Press Ctrl+C to shut down.
2025-11-09 15:56:12.378 +02:00 [INF] Hosting environment: Development
2025-11-09 15:56:12.378 +02:00 [INF] Content root path: C:\Users\liza\RiderProjects\StudentPortal\StudentPortal.Enrollment.Api
2025-11-09 15:58:30.527 +02:00 [INF] Application is shutting down...
2025-11-09 16:05:44.888 +02:00 [INF] Now listening on: http://localhost:62138
2025-11-09 16:05:44.917 +02:00 [INF] Now listening on: http://localhost:62140
2025-11-09 16:05:44.919 +02:00 [INF] Application started. Press Ctrl+C to shut down.
2025-11-09 16:05:44.920 +02:00 [INF] Hosting environment: Development
2025-11-09 16:05:44.920 +02:00 [INF] Content root path: C:\Users\liza\RiderProjects\StudentPortal\StudentPortal.Enrollment.Api
2025-11-09 16:07:42.884 +02:00 [INF] Application is shutting down...
2025-11-09 16:09:20.912 +02:00 [INF] Now listening on: http://localhost:62535
2025-11-09 16:09:20.944 +02:00 [INF] Now listening on: http://localhost:62536
2025-11-09 16:09:20.948 +02:00 [INF] Application started. Press Ctrl+C to shut down.
2025-11-09 16:09:20.950 +02:00 [INF] Hosting environment: Development
2025-11-09 16:09:20.951 +02:00 [INF] Content root path: C:\Users\liza\RiderProjects\StudentPortal\StudentPortal.Enrollment.Api
2025-11-09 16:10:14.374 +02:00 [INF] Application is shutting down...
2025-11-09 16:11:38.538 +02:00 [INF] Now listening on: http://localhost:52011
2025-11-09 16:11:38.576 +02:00 [INF] Now listening on: http://localhost:52012
2025-11-09 16:11:38.579 +02:00 [INF] Application started. Press Ctrl+C to shut down.
2025-11-09 16:11:38.579 +02:00 [INF] Hosting environment: Development
2025-11-09 16:11:38.579 +02:00 [INF] Content root path: C:\Users\liza\RiderProjects\StudentPortal\StudentPortal.Enrollment.Api
2025-11-09 16:18:32.508 +02:00 [INF] Application is shutting down...
2025-11-09 16:21:27.564 +02:00 [INF] Now listening on: http://localhost:62184
2025-11-09 16:21:27.604 +02:00 [INF] Now listening on: http://localhost:62185
2025-11-09 16:21:27.605 +02:00 [INF] Application started. Press Ctrl+C to shut down.
2025-11-09 16:21:27.606 +02:00 [INF] Hosting environment: Development
2025-11-09 16:21:27.606 +02:00 [INF] Content root path: C:\Users\liza\RiderProjects\StudentPortal\StudentPortal.Enrollment.Api
2025-11-09 16:22:15.815 +02:00 [INF] Request starting HTTP/1.1 GET http://localhost:5196/api/enrollment/1 - null null
2025-11-09 16:22:15.871 +02:00 [WRN] Failed to determine the https port for redirect.
2025-11-09 16:22:15.875 +02:00 [INF] Executing endpoint 'StudentPortal.Controllers.EnrollmentController.GetById (StudentPortal.Enrollment.Api)'
2025-11-09 16:22:15.898 +02:00 [INF] Route matched with {action = "GetById", controller = "Enrollment"}. Executing controller action with signature System.Threading.Tasks.Task`1[Microsoft.AspNetCore.Mvc.ActionResult`1[StudentPortal.Enrollment.Domain.Enrollment]] GetById(Int32) on controller StudentPortal.Controllers.EnrollmentController (StudentPortal.Enrollment.Api).
2025-11-09 16:22:16.270 +02:00 [INF] Executing action method StudentPortal.Controllers.EnrollmentController.GetById (StudentPortal.Enrollment.Api) - Validation state: "Valid"
2025-11-09 16:22:16.608 +02:00 [INF] Executed action method StudentPortal.Controllers.EnrollmentController.GetById (StudentPortal.Enrollment.Api), returned result Microsoft.AspNetCore.Mvc.OkObjectResult in 333.0993ms.
2025-11-09 16:22:16.627 +02:00 [INF] Executing OkObjectResult, writing value of type 'StudentPortal.Enrollment.Domain.Enrollment'.
2025-11-09 16:22:16.672 +02:00 [INF] Executed action StudentPortal.Controllers.EnrollmentController.GetById (StudentPortal.Enrollment.Api) in 770.6015ms
2025-11-09 16:22:16.673 +02:00 [INF] Executed endpoint 'StudentPortal.Controllers.EnrollmentController.GetById (StudentPortal.Enrollment.Api)'
2025-11-09 16:22:16.682 +02:00 [INF] Request finished HTTP/1.1 GET http://localhost:5196/api/enrollment/1 - 200 null application/json; charset=utf-8 883.1715ms
2025-11-09 16:22:35.227 +02:00 [INF] Application is shutting down...
2025-11-09 16:24:17.615 +02:00 [INF] Now listening on: http://localhost:58075
2025-11-09 16:24:17.647 +02:00 [INF] Now listening on: http://localhost:58078
2025-11-09 16:24:17.649 +02:00 [INF] Application started. Press Ctrl+C to shut down.
2025-11-09 16:24:17.649 +02:00 [INF] Hosting environment: Development
2025-11-09 16:24:17.650 +02:00 [INF] Content root path: C:\Users\liza\RiderProjects\StudentPortal\StudentPortal.Enrollment.Api
2025-11-09 16:24:49.203 +02:00 [INF] Request starting HTTP/1.1 GET http://localhost:5196/api/enrollment/1 - null null
2025-11-09 16:24:49.254 +02:00 [WRN] Failed to determine the https port for redirect.
2025-11-09 16:24:49.257 +02:00 [INF] Executing endpoint 'StudentPortal.Controllers.EnrollmentController.GetById (StudentPortal.Enrollment.Api)'
2025-11-09 16:24:49.281 +02:00 [INF] Route matched with {action = "GetById", controller = "Enrollment"}. Executing controller action with signature System.Threading.Tasks.Task`1[Microsoft.AspNetCore.Mvc.ActionResult`1[StudentPortal.Enrollment.Domain.Enrollment]] GetById(Int32) on controller StudentPortal.Controllers.EnrollmentController (StudentPortal.Enrollment.Api).
2025-11-09 16:24:49.435 +02:00 [INF] Executing action method StudentPortal.Controllers.EnrollmentController.GetById (StudentPortal.Enrollment.Api) - Validation state: "Valid"
2025-11-09 16:24:49.582 +02:00 [INF] Executed action method StudentPortal.Controllers.EnrollmentController.GetById (StudentPortal.Enrollment.Api), returned result Microsoft.AspNetCore.Mvc.OkObjectResult in 141.7574ms.
2025-11-09 16:24:49.602 +02:00 [INF] Executing OkObjectResult, writing value of type 'StudentPortal.Enrollment.Domain.Enrollment'.
2025-11-09 16:24:49.644 +02:00 [INF] Executed action StudentPortal.Controllers.EnrollmentController.GetById (StudentPortal.Enrollment.Api) in 359.3779ms
2025-11-09 16:24:49.645 +02:00 [INF] Executed endpoint 'StudentPortal.Controllers.EnrollmentController.GetById (StudentPortal.Enrollment.Api)'
2025-11-09 16:24:49.653 +02:00 [INF] Request finished HTTP/1.1 GET http://localhost:5196/api/enrollment/1 - 200 null application/json; charset=utf-8 466.8252ms
2025-11-09 16:26:38.724 +02:00 [INF] Application is shutting down...
2025-11-09 16:30:46.575 +02:00 [INF] Now listening on: http://localhost:63501
2025-11-09 16:30:46.623 +02:00 [INF] Now listening on: http://localhost:63503
2025-11-09 16:30:46.625 +02:00 [INF] Application started. Press Ctrl+C to shut down.
2025-11-09 16:30:46.625 +02:00 [INF] Hosting environment: Development
2025-11-09 16:30:46.625 +02:00 [INF] Content root path: C:\Users\liza\RiderProjects\StudentPortal\StudentPortal.Enrollment.Api
2025-11-09 16:31:48.682 +02:00 [INF] Application is shutting down...
2025-11-09 16:32:30.533 +02:00 [INF] Now listening on: http://localhost:64457
2025-11-09 16:32:30.559 +02:00 [INF] Now listening on: http://localhost:64458
2025-11-09 16:32:30.561 +02:00 [INF] Application started. Press Ctrl+C to shut down.
2025-11-09 16:32:30.561 +02:00 [INF] Hosting environment: Development
2025-11-09 16:32:30.561 +02:00 [INF] Content root path: C:\Users\liza\RiderProjects\StudentPortal\StudentPortal.Enrollment.Api
2025-11-09 16:32:53.372 +02:00 [INF] Request starting HTTP/1.1 GET http://localhost:5196/api/enrollment/1 - null null
2025-11-09 16:32:53.428 +02:00 [WRN] Failed to determine the https port for redirect.
2025-11-09 16:32:53.431 +02:00 [INF] Executing endpoint 'StudentPortal.Controllers.EnrollmentController.GetById (StudentPortal.Enrollment.Api)'
2025-11-09 16:32:53.453 +02:00 [INF] Route matched with {action = "GetById", controller = "Enrollment"}. Executing controller action with signature System.Threading.Tasks.Task`1[Microsoft.AspNetCore.Mvc.ActionResult`1[StudentPortal.Enrollment.Domain.Enrollment]] GetById(Int32) on controller StudentPortal.Controllers.EnrollmentController (StudentPortal.Enrollment.Api).
2025-11-09 16:32:53.627 +02:00 [INF] Executing action method StudentPortal.Controllers.EnrollmentController.GetById (StudentPortal.Enrollment.Api) - Validation state: "Valid"
2025-11-09 16:32:53.783 +02:00 [INF] Executed action method StudentPortal.Controllers.EnrollmentController.GetById (StudentPortal.Enrollment.Api), returned result Microsoft.AspNetCore.Mvc.OkObjectResult in 150.5932ms.
2025-11-09 16:32:53.803 +02:00 [INF] Executing OkObjectResult, writing value of type 'StudentPortal.Enrollment.Domain.Enrollment'.
2025-11-09 16:32:53.847 +02:00 [INF] Executed action StudentPortal.Controllers.EnrollmentController.GetById (StudentPortal.Enrollment.Api) in 389.4764ms
2025-11-09 16:32:53.847 +02:00 [INF] Executed endpoint 'StudentPortal.Controllers.EnrollmentController.GetById (StudentPortal.Enrollment.Api)'
2025-11-09 16:32:53.855 +02:00 [INF] Request finished HTTP/1.1 GET http://localhost:5196/api/enrollment/1 - 200 null application/json; charset=utf-8 502.11ms
2025-11-09 16:33:21.531 +02:00 [INF] Application is shutting down...
2025-11-09 16:35:30.564 +02:00 [INF] Now listening on: http://localhost:61972
2025-11-09 16:35:30.596 +02:00 [INF] Now listening on: http://localhost:61973
2025-11-09 16:35:30.599 +02:00 [INF] Application started. Press Ctrl+C to shut down.
2025-11-09 16:35:30.599 +02:00 [INF] Hosting environment: Development
2025-11-09 16:35:30.600 +02:00 [INF] Content root path: C:\Users\liza\RiderProjects\StudentPortal\StudentPortal.Enrollment.Api
2025-11-09 16:35:49.182 +02:00 [INF] Request starting HTTP/1.1 GET http://localhost:5196/api/enrollment/1 - null null
2025-11-09 16:35:49.230 +02:00 [WRN] Failed to determine the https port for redirect.
2025-11-09 16:35:49.232 +02:00 [INF] Executing endpoint 'StudentPortal.Controllers.EnrollmentController.GetById (StudentPortal.Enrollment.Api)'
2025-11-09 16:35:49.254 +02:00 [INF] Route matched with {action = "GetById", controller = "Enrollment"}. Executing controller action with signature System.Threading.Tasks.Task`1[Microsoft.AspNetCore.Mvc.ActionResult`1[StudentPortal.Enrollment.Domain.Enrollment]] GetById(Int32) on controller StudentPortal.Controllers.EnrollmentController (StudentPortal.Enrollment.Api).
2025-11-09 16:35:49.404 +02:00 [INF] Executing action method StudentPortal.Controllers.EnrollmentController.GetById (StudentPortal.Enrollment.Api) - Validation state: "Valid"
2025-11-09 16:35:49.561 +02:00 [INF] Executed action method StudentPortal.Controllers.EnrollmentController.GetById (StudentPortal.Enrollment.Api), returned result Microsoft.AspNetCore.Mvc.OkObjectResult in 150.5802ms.
2025-11-09 16:35:49.589 +02:00 [INF] Executing OkObjectResult, writing value of type 'StudentPortal.Enrollment.Domain.Enrollment'.
2025-11-09 16:35:49.636 +02:00 [INF] Executed action StudentPortal.Controllers.EnrollmentController.GetById (StudentPortal.Enrollment.Api) in 378.1391ms
2025-11-09 16:35:49.636 +02:00 [INF] Executed endpoint 'StudentPortal.Controllers.EnrollmentController.GetById (StudentPortal.Enrollment.Api)'
2025-11-09 16:35:49.643 +02:00 [INF] Request finished HTTP/1.1 GET http://localhost:5196/api/enrollment/1 - 200 null application/json; charset=utf-8 478.8234ms
2025-11-09 16:40:52.597 +02:00 [INF] Application is shutting down...
2025-11-09 16:44:07.567 +02:00 [INF] Now listening on: http://localhost:62033
2025-11-09 16:44:07.600 +02:00 [INF] Now listening on: http://localhost:62034
2025-11-09 16:44:07.603 +02:00 [INF] Application started. Press Ctrl+C to shut down.
2025-11-09 16:44:07.603 +02:00 [INF] Hosting environment: Development
2025-11-09 16:44:07.603 +02:00 [INF] Content root path: C:\Users\liza\RiderProjects\StudentPortal\StudentPortal.Enrollment.Api
2025-11-09 16:50:04.279 +02:00 [INF] Request starting HTTP/1.1 GET http://localhost:5196/api/enrollment/1 - null null
2025-11-09 16:50:04.330 +02:00 [WRN] Failed to determine the https port for redirect.
2025-11-09 16:50:04.333 +02:00 [INF] Executing endpoint 'StudentPortal.Controllers.EnrollmentController.GetById (StudentPortal.Enrollment.Api)'
2025-11-09 16:50:04.355 +02:00 [INF] Route matched with {action = "GetById", controller = "Enrollment"}. Executing controller action with signature System.Threading.Tasks.Task`1[Microsoft.AspNetCore.Mvc.ActionResult`1[StudentPortal.Enrollment.Domain.Enrollment]] GetById(Int32) on controller StudentPortal.Controllers.EnrollmentController (StudentPortal.Enrollment.Api).
2025-11-09 16:50:04.519 +02:00 [INF] Executing action method StudentPortal.Controllers.EnrollmentController.GetById (StudentPortal.Enrollment.Api) - Validation state: "Valid"
2025-11-09 16:50:04.654 +02:00 [INF] Executed action method StudentPortal.Controllers.EnrollmentController.GetById (StudentPortal.Enrollment.Api), returned result Microsoft.AspNetCore.Mvc.OkObjectResult in 129.806ms.
2025-11-09 16:50:04.673 +02:00 [INF] Executing OkObjectResult, writing value of type 'StudentPortal.Enrollment.Domain.Enrollment'.
2025-11-09 16:50:04.715 +02:00 [INF] Executed action StudentPortal.Controllers.EnrollmentController.GetById (StudentPortal.Enrollment.Api) in 355.9615ms
2025-11-09 16:50:04.716 +02:00 [INF] Executed endpoint 'StudentPortal.Controllers.EnrollmentController.GetById (StudentPortal.Enrollment.Api)'
2025-11-09 16:50:04.721 +02:00 [INF] Request finished HTTP/1.1 GET http://localhost:5196/api/enrollment/1 - 200 null application/json; charset=utf-8 461.0555ms
2025-11-09 16:50:14.743 +02:00 [INF] Application is shutting down...
2025-11-09 16:50:43.515 +02:00 [INF] Now listening on: http://localhost:54006
2025-11-09 16:50:43.555 +02:00 [INF] Now listening on: http://localhost:54008
2025-11-09 16:50:43.558 +02:00 [INF] Application started. Press Ctrl+C to shut down.
2025-11-09 16:50:43.558 +02:00 [INF] Hosting environment: Development
2025-11-09 16:50:43.559 +02:00 [INF] Content root path: C:\Users\liza\RiderProjects\StudentPortal\StudentPortal.Enrollment.Api
2025-11-09 16:51:28.113 +02:00 [INF] Application is shutting down...
2025-11-09 17:08:03.513 +02:00 [INF] Now listening on: http://localhost:59458
2025-11-09 17:08:03.549 +02:00 [INF] Now listening on: http://localhost:59460
2025-11-09 17:08:03.551 +02:00 [INF] Application started. Press Ctrl+C to shut down.
2025-11-09 17:08:03.552 +02:00 [INF] Hosting environment: Development
2025-11-09 17:08:03.552 +02:00 [INF] Content root path: C:\Users\liza\RiderProjects\StudentPortal\StudentPortal.Enrollment.Api
2025-11-09 17:09:21.887 +02:00 [INF] Application is shutting down...
2025-11-09 17:10:38.253 +02:00 [INF] Now listening on: http://localhost:53659
2025-11-09 17:10:38.282 +02:00 [INF] Now listening on: http://localhost:53660
2025-11-09 17:10:38.284 +02:00 [INF] Application started. Press Ctrl+C to shut down.
2025-11-09 17:10:38.285 +02:00 [INF] Hosting environment: Development
2025-11-09 17:10:38.285 +02:00 [INF] Content root path: C:\Users\liza\RiderProjects\StudentPortal\StudentPortal.Enrollment.Api
2025-11-09 17:11:35.773 +02:00 [INF] Application is shutting down...
2025-11-09 17:12:39.361 +02:00 [INF] Now listening on: http://localhost:60842
2025-11-09 17:12:39.391 +02:00 [INF] Now listening on: http://localhost:60845
2025-11-09 17:12:39.393 +02:00 [INF] Application started. Press Ctrl+C to shut down.
2025-11-09 17:12:39.393 +02:00 [INF] Hosting environment: Development
2025-11-09 17:12:39.393 +02:00 [INF] Content root path: C:\Users\liza\RiderProjects\StudentPortal\StudentPortal.Enrollment.Api
2025-11-09 17:13:10.123 +02:00 [INF] Application is shutting down...
2025-11-09 17:14:17.589 +02:00 [INF] Now listening on: http://localhost:61386
2025-11-09 17:14:17.630 +02:00 [INF] Now listening on: http://localhost:61387
2025-11-09 17:14:17.632 +02:00 [INF] Application started. Press Ctrl+C to shut down.
2025-11-09 17:14:17.632 +02:00 [INF] Hosting environment: Development
2025-11-09 17:14:17.632 +02:00 [INF] Content root path: C:\Users\liza\RiderProjects\StudentPortal\StudentPortal.Enrollment.Api
2025-11-09 17:15:23.866 +02:00 [INF] Application is shutting down...
2025-11-09 17:15:56.424 +02:00 [INF] Now listening on: http://localhost:61036
2025-11-09 17:15:56.452 +02:00 [INF] Now listening on: http://localhost:61037
2025-11-09 17:15:56.453 +02:00 [INF] Application started. Press Ctrl+C to shut down.
2025-11-09 17:15:56.454 +02:00 [INF] Hosting environment: Development
2025-11-09 17:15:56.454 +02:00 [INF] Content root path: C:\Users\liza\RiderProjects\StudentPortal\StudentPortal.Enrollment.Api
2025-11-09 17:17:13.473 +02:00 [INF] Application is shutting down...
2025-11-09 17:17:43.545 +02:00 [INF] Now listening on: http://localhost:64737
2025-11-09 17:17:43.574 +02:00 [INF] Now listening on: http://localhost:64738
2025-11-09 17:17:43.576 +02:00 [INF] Application started. Press Ctrl+C to shut down.
2025-11-09 17:17:43.577 +02:00 [INF] Hosting environment: Development
2025-11-09 17:17:43.577 +02:00 [INF] Content root path: C:\Users\liza\RiderProjects\StudentPortal\StudentPortal.Enrollment.Api
2025-11-09 17:17:43.604 +02:00 [INF] Request starting HTTP/1.1 GET http://localhost:5196/api/enrollment/1 - null null
2025-11-09 17:17:43.632 +02:00 [WRN] Failed to determine the https port for redirect.
2025-11-09 17:17:43.634 +02:00 [INF] Executing endpoint 'StudentPortal.Controllers.EnrollmentController.GetById (StudentPortal.Enrollment.Api)'
2025-11-09 17:17:43.647 +02:00 [INF] Route matched with {action = "GetById", controller = "Enrollment"}. Executing controller action with signature System.Threading.Tasks.Task`1[Microsoft.AspNetCore.Mvc.ActionResult`1[StudentPortal.Enrollment.Domain.Enrollment]] GetById(Int32) on controller StudentPortal.Controllers.EnrollmentController (StudentPortal.Enrollment.Api).
2025-11-09 17:17:43.767 +02:00 [INF] Executing action method StudentPortal.Controllers.EnrollmentController.GetById (StudentPortal.Enrollment.Api) - Validation state: "Valid"
2025-11-09 17:17:43.850 +02:00 [INF] Executed action method StudentPortal.Controllers.EnrollmentController.GetById (StudentPortal.Enrollment.Api), returned result Microsoft.AspNetCore.Mvc.OkObjectResult in 79.6819ms.
2025-11-09 17:17:43.862 +02:00 [INF] Executing OkObjectResult, writing value of type 'StudentPortal.Enrollment.Domain.Enrollment'.
2025-11-09 17:17:43.884 +02:00 [INF] Executed action StudentPortal.Controllers.EnrollmentController.GetById (StudentPortal.Enrollment.Api) in 235.9658ms
2025-11-09 17:17:43.885 +02:00 [INF] Executed endpoint 'StudentPortal.Controllers.EnrollmentController.GetById (StudentPortal.Enrollment.Api)'
2025-11-09 17:17:43.888 +02:00 [INF] Request finished HTTP/1.1 GET http://localhost:5196/api/enrollment/1 - 499 null application/json; charset=utf-8 297.2153ms
2025-11-09 17:18:33.080 +02:00 [INF] Application is shutting down...
2025-11-09 17:19:04.154 +02:00 [INF] Now listening on: http://localhost:63808
2025-11-09 17:19:04.182 +02:00 [INF] Now listening on: http://localhost:63809
2025-11-09 17:19:04.184 +02:00 [INF] Application started. Press Ctrl+C to shut down.
2025-11-09 17:19:04.185 +02:00 [INF] Hosting environment: Development
2025-11-09 17:19:04.185 +02:00 [INF] Content root path: C:\Users\liza\RiderProjects\StudentPortal\StudentPortal.Enrollment.Api
2025-11-09 17:19:23.140 +02:00 [INF] Application is shutting down...
2025-11-09 22:33:47.348 +02:00 [INF] Now listening on: http://localhost:55642
2025-11-09 22:33:47.387 +02:00 [INF] Now listening on: http://localhost:55643
2025-11-09 22:33:47.390 +02:00 [INF] Application started. Press Ctrl+C to shut down.
2025-11-09 22:33:47.390 +02:00 [INF] Hosting environment: Development
2025-11-09 22:33:47.391 +02:00 [INF] Content root path: C:\Users\liza\RiderProjects\StudentPortal\StudentPortal.Enrollment.Api
2025-11-09 22:34:12.523 +02:00 [INF] Application is shutting down...
