2025-11-15 00:00:34.243 +02:00 [INF] Application is shutting down...
2025-11-15 00:04:28.326 +02:00 [WRN] HTTP/2 is not enabled for 127.0.0.1:54638. The endpoint is configured to use HTTP/1.1 and HTTP/2, but TLS is not enabled. HTTP/2 requires TLS application protocol negotiation. Connections to this endpoint will use HTTP/1.1.
2025-11-15 00:04:28.370 +02:00 [WRN] HTTP/2 is not enabled for [::1]:54638. The endpoint is configured to use HTTP/1.1 and HTTP/2, but TLS is not enabled. HTTP/2 requires TLS application protocol negotiation. Connections to this endpoint will use HTTP/1.1.
2025-11-15 00:04:28.371 +02:00 [WRN] HTTP/2 is not enabled for 127.0.0.1:54640. The endpoint is configured to use HTTP/1.1 and HTTP/2, but TLS is not enabled. HTTP/2 requires TLS application protocol negotiation. Connections to this endpoint will use HTTP/1.1.
2025-11-15 00:04:28.372 +02:00 [WRN] HTTP/2 is not enabled for [::1]:54640. The endpoint is configured to use HTTP/1.1 and HTTP/2, but TLS is not enabled. HTTP/2 requires TLS application protocol negotiation. Connections to this endpoint will use HTTP/1.1.
2025-11-15 00:04:28.373 +02:00 [INF] Now listening on: http://localhost:54638
2025-11-15 00:04:28.373 +02:00 [INF] Now listening on: http://localhost:54640
2025-11-15 00:04:28.375 +02:00 [INF] Application started. Press Ctrl+C to shut down.
2025-11-15 00:04:28.375 +02:00 [INF] Hosting environment: Development
2025-11-15 00:04:28.375 +02:00 [INF] Content root path: C:\Users\liza\RiderProjects\StudentPortal\StudentPortal.Enrollment.Api
2025-11-15 00:05:59.693 +02:00 [INF] Application is shutting down...
2025-11-15 00:14:23.206 +02:00 [WRN] HTTP/2 is not enabled for 127.0.0.1:49716. The endpoint is configured to use HTTP/1.1 and HTTP/2, but TLS is not enabled. HTTP/2 requires TLS application protocol negotiation. Connections to this endpoint will use HTTP/1.1.
2025-11-15 00:14:23.246 +02:00 [WRN] HTTP/2 is not enabled for [::1]:49716. The endpoint is configured to use HTTP/1.1 and HTTP/2, but TLS is not enabled. HTTP/2 requires TLS application protocol negotiation. Connections to this endpoint will use HTTP/1.1.
2025-11-15 00:14:23.247 +02:00 [WRN] HTTP/2 is not enabled for 127.0.0.1:49719. The endpoint is configured to use HTTP/1.1 and HTTP/2, but TLS is not enabled. HTTP/2 requires TLS application protocol negotiation. Connections to this endpoint will use HTTP/1.1.
2025-11-15 00:14:23.247 +02:00 [WRN] HTTP/2 is not enabled for [::1]:49719. The endpoint is configured to use HTTP/1.1 and HTTP/2, but TLS is not enabled. HTTP/2 requires TLS application protocol negotiation. Connections to this endpoint will use HTTP/1.1.
2025-11-15 00:14:23.248 +02:00 [INF] Now listening on: http://localhost:49716
2025-11-15 00:14:23.248 +02:00 [INF] Now listening on: http://localhost:49719
2025-11-15 00:14:23.250 +02:00 [INF] Application started. Press Ctrl+C to shut down.
2025-11-15 00:14:23.250 +02:00 [INF] Hosting environment: Development
2025-11-15 00:14:23.250 +02:00 [INF] Content root path: C:\Users\liza\RiderProjects\StudentPortal\StudentPortal.Enrollment.Api
2025-11-15 00:18:05.601 +02:00 [INF] Application is shutting down...
2025-11-15 00:18:25.088 +02:00 [WRN] HTTP/2 is not enabled for 127.0.0.1:60937. The endpoint is configured to use HTTP/1.1 and HTTP/2, but TLS is not enabled. HTTP/2 requires TLS application protocol negotiation. Connections to this endpoint will use HTTP/1.1.
2025-11-15 00:18:25.301 +02:00 [WRN] HTTP/2 is not enabled for [::1]:60937. The endpoint is configured to use HTTP/1.1 and HTTP/2, but TLS is not enabled. HTTP/2 requires TLS application protocol negotiation. Connections to this endpoint will use HTTP/1.1.
2025-11-15 00:18:25.304 +02:00 [WRN] HTTP/2 is not enabled for 127.0.0.1:60938. The endpoint is configured to use HTTP/1.1 and HTTP/2, but TLS is not enabled. HTTP/2 requires TLS application protocol negotiation. Connections to this endpoint will use HTTP/1.1.
2025-11-15 00:18:25.305 +02:00 [WRN] HTTP/2 is not enabled for [::1]:60938. The endpoint is configured to use HTTP/1.1 and HTTP/2, but TLS is not enabled. HTTP/2 requires TLS application protocol negotiation. Connections to this endpoint will use HTTP/1.1.
2025-11-15 00:18:25.316 +02:00 [INF] Now listening on: http://localhost:60937
2025-11-15 00:18:25.317 +02:00 [INF] Now listening on: http://localhost:60938
2025-11-15 00:18:25.325 +02:00 [INF] Application started. Press Ctrl+C to shut down.
2025-11-15 00:18:25.325 +02:00 [INF] Hosting environment: Development
2025-11-15 00:18:25.326 +02:00 [INF] Content root path: C:\Users\liza\RiderProjects\StudentPortal\StudentPortal.Enrollment.Api
2025-11-15 00:21:46.706 +02:00 [INF] Application is shutting down...
2025-11-15 00:35:55.765 +02:00 [WRN] HTTP/2 is not enabled for 127.0.0.1:53389. The endpoint is configured to use HTTP/1.1 and HTTP/2, but TLS is not enabled. HTTP/2 requires TLS application protocol negotiation. Connections to this endpoint will use HTTP/1.1.
2025-11-15 00:35:55.822 +02:00 [WRN] HTTP/2 is not enabled for [::1]:53389. The endpoint is configured to use HTTP/1.1 and HTTP/2, but TLS is not enabled. HTTP/2 requires TLS application protocol negotiation. Connections to this endpoint will use HTTP/1.1.
2025-11-15 00:35:55.823 +02:00 [WRN] HTTP/2 is not enabled for 127.0.0.1:53390. The endpoint is configured to use HTTP/1.1 and HTTP/2, but TLS is not enabled. HTTP/2 requires TLS application protocol negotiation. Connections to this endpoint will use HTTP/1.1.
2025-11-15 00:35:55.823 +02:00 [WRN] HTTP/2 is not enabled for [::1]:53390. The endpoint is configured to use HTTP/1.1 and HTTP/2, but TLS is not enabled. HTTP/2 requires TLS application protocol negotiation. Connections to this endpoint will use HTTP/1.1.
2025-11-15 00:35:55.825 +02:00 [INF] Now listening on: http://localhost:53389
2025-11-15 00:35:55.825 +02:00 [INF] Now listening on: http://localhost:53390
2025-11-15 00:35:55.829 +02:00 [INF] Application started. Press Ctrl+C to shut down.
2025-11-15 00:35:55.830 +02:00 [INF] Hosting environment: Development
2025-11-15 00:35:55.830 +02:00 [INF] Content root path: C:\Users\liza\RiderProjects\StudentPortal\StudentPortal.Enrollment.Api
2025-11-15 00:40:51.372 +02:00 [INF] Request starting HTTP/1.1 GET http://localhost:5001/api/enrollment - null null
2025-11-15 00:40:51.435 +02:00 [WRN] Failed to determine the https port for redirect.
2025-11-15 00:40:51.436 +02:00 [INF] Executing endpoint 'StudentPortal.Controllers.EnrollmentController.GetAll (StudentPortal.Enrollment.Api)'
2025-11-15 00:40:51.456 +02:00 [INF] Route matched with {action = "GetAll", controller = "Enrollment"}. Executing controller action with signature System.Threading.Tasks.Task`1[Microsoft.AspNetCore.Mvc.ActionResult`1[System.Collections.Generic.IEnumerable`1[StudentPortal.Enrollment.Domain.Entities.Enrollment]]] GetAll() on controller StudentPortal.Controllers.EnrollmentController (StudentPortal.Enrollment.Api).
2025-11-15 00:40:51.808 +02:00 [WRN] You do not have a valid license key for the Lucky Penny software AutoMapper. This is allowed for development and testing scenarios. If you are running in production you are required to have a licensed version. Please visit https://luckypennysoftware.com to obtain a valid license.
2025-11-15 00:40:51.814 +02:00 [INF] Executing action method StudentPortal.Controllers.EnrollmentController.GetAll (StudentPortal.Enrollment.Api) - Validation state: "Valid"
2025-11-15 00:40:51.961 +02:00 [INF] Executed action method StudentPortal.Controllers.EnrollmentController.GetAll (StudentPortal.Enrollment.Api), returned result Microsoft.AspNetCore.Mvc.OkObjectResult in 142.0029ms.
2025-11-15 00:40:51.981 +02:00 [INF] Executing OkObjectResult, writing value of type 'System.Collections.Generic.List`1[[StudentPortal.Enrollment.Domain.Entities.Enrollment, StudentPortal.Enrollment.Domain, Version=1.0.0.0, Culture=neutral, PublicKeyToken=null]]'.
2025-11-15 00:40:52.029 +02:00 [INF] Executed action StudentPortal.Controllers.EnrollmentController.GetAll (StudentPortal.Enrollment.Api) in 568.3358ms
2025-11-15 00:40:52.030 +02:00 [INF] Executed endpoint 'StudentPortal.Controllers.EnrollmentController.GetAll (StudentPortal.Enrollment.Api)'
2025-11-15 00:40:52.037 +02:00 [INF] Request finished HTTP/1.1 GET http://localhost:5001/api/enrollment - 200 null application/json; charset=utf-8 684.1305ms
2025-11-15 00:44:09.887 +02:00 [INF] Application is shutting down...
2025-11-15 12:29:22.476 +02:00 [WRN] HTTP/2 is not enabled for 127.0.0.1:60206. The endpoint is configured to use HTTP/1.1 and HTTP/2, but TLS is not enabled. HTTP/2 requires TLS application protocol negotiation. Connections to this endpoint will use HTTP/1.1.
2025-11-15 12:29:22.541 +02:00 [WRN] HTTP/2 is not enabled for [::1]:60206. The endpoint is configured to use HTTP/1.1 and HTTP/2, but TLS is not enabled. HTTP/2 requires TLS application protocol negotiation. Connections to this endpoint will use HTTP/1.1.
2025-11-15 12:29:22.542 +02:00 [WRN] HTTP/2 is not enabled for 127.0.0.1:60208. The endpoint is configured to use HTTP/1.1 and HTTP/2, but TLS is not enabled. HTTP/2 requires TLS application protocol negotiation. Connections to this endpoint will use HTTP/1.1.
2025-11-15 12:29:22.542 +02:00 [WRN] HTTP/2 is not enabled for [::1]:60208. The endpoint is configured to use HTTP/1.1 and HTTP/2, but TLS is not enabled. HTTP/2 requires TLS application protocol negotiation. Connections to this endpoint will use HTTP/1.1.
2025-11-15 12:29:22.543 +02:00 [INF] Now listening on: http://localhost:60206
2025-11-15 12:29:22.543 +02:00 [INF] Now listening on: http://localhost:60208
2025-11-15 12:29:22.545 +02:00 [INF] Application started. Press Ctrl+C to shut down.
2025-11-15 12:29:22.546 +02:00 [INF] Hosting environment: Development
2025-11-15 12:29:22.546 +02:00 [INF] Content root path: C:\Users\liza\RiderProjects\StudentPortal\StudentPortal.Enrollment.Api
2025-11-15 12:33:34.937 +02:00 [INF] Application is shutting down...
2025-11-15 12:35:22.047 +02:00 [WRN] HTTP/2 is not enabled for 127.0.0.1:57375. The endpoint is configured to use HTTP/1.1 and HTTP/2, but TLS is not enabled. HTTP/2 requires TLS application protocol negotiation. Connections to this endpoint will use HTTP/1.1.
2025-11-15 12:35:22.085 +02:00 [WRN] HTTP/2 is not enabled for [::1]:57375. The endpoint is configured to use HTTP/1.1 and HTTP/2, but TLS is not enabled. HTTP/2 requires TLS application protocol negotiation. Connections to this endpoint will use HTTP/1.1.
2025-11-15 12:35:22.086 +02:00 [WRN] HTTP/2 is not enabled for 127.0.0.1:57376. The endpoint is configured to use HTTP/1.1 and HTTP/2, but TLS is not enabled. HTTP/2 requires TLS application protocol negotiation. Connections to this endpoint will use HTTP/1.1.
2025-11-15 12:35:22.087 +02:00 [WRN] HTTP/2 is not enabled for [::1]:57376. The endpoint is configured to use HTTP/1.1 and HTTP/2, but TLS is not enabled. HTTP/2 requires TLS application protocol negotiation. Connections to this endpoint will use HTTP/1.1.
2025-11-15 12:35:22.089 +02:00 [INF] Now listening on: http://localhost:57375
2025-11-15 12:35:22.089 +02:00 [INF] Now listening on: http://localhost:57376
2025-11-15 12:35:22.091 +02:00 [INF] Application started. Press Ctrl+C to shut down.
2025-11-15 12:35:22.092 +02:00 [INF] Hosting environment: Development
2025-11-15 12:35:22.092 +02:00 [INF] Content root path: C:\Users\liza\RiderProjects\StudentPortal\StudentPortal.Enrollment.Api
2025-11-15 12:36:25.271 +02:00 [INF] Application is shutting down...
2025-11-15 12:39:33.483 +02:00 [WRN] HTTP/2 is not enabled for 127.0.0.1:64550. The endpoint is configured to use HTTP/1.1 and HTTP/2, but TLS is not enabled. HTTP/2 requires TLS application protocol negotiation. Connections to this endpoint will use HTTP/1.1.
2025-11-15 12:39:33.540 +02:00 [WRN] HTTP/2 is not enabled for [::1]:64550. The endpoint is configured to use HTTP/1.1 and HTTP/2, but TLS is not enabled. HTTP/2 requires TLS application protocol negotiation. Connections to this endpoint will use HTTP/1.1.
2025-11-15 12:39:33.541 +02:00 [WRN] HTTP/2 is not enabled for 127.0.0.1:64551. The endpoint is configured to use HTTP/1.1 and HTTP/2, but TLS is not enabled. HTTP/2 requires TLS application protocol negotiation. Connections to this endpoint will use HTTP/1.1.
2025-11-15 12:39:33.542 +02:00 [WRN] HTTP/2 is not enabled for [::1]:64551. The endpoint is configured to use HTTP/1.1 and HTTP/2, but TLS is not enabled. HTTP/2 requires TLS application protocol negotiation. Connections to this endpoint will use HTTP/1.1.
2025-11-15 12:39:33.544 +02:00 [INF] Now listening on: http://localhost:64550
2025-11-15 12:39:33.544 +02:00 [INF] Now listening on: http://localhost:64551
2025-11-15 12:39:33.548 +02:00 [INF] Application started. Press Ctrl+C to shut down.
2025-11-15 12:39:33.549 +02:00 [INF] Hosting environment: Development
2025-11-15 12:39:33.549 +02:00 [INF] Content root path: C:\Users\liza\RiderProjects\StudentPortal\StudentPortal.Enrollment.Api
2025-11-15 12:40:29.184 +02:00 [INF] Application is shutting down...
2025-11-15 13:49:47.379 +02:00 [WRN] HTTP/2 is not enabled for 127.0.0.1:59126. The endpoint is configured to use HTTP/1.1 and HTTP/2, but TLS is not enabled. HTTP/2 requires TLS application protocol negotiation. Connections to this endpoint will use HTTP/1.1.
2025-11-15 13:49:47.424 +02:00 [WRN] HTTP/2 is not enabled for [::1]:59126. The endpoint is configured to use HTTP/1.1 and HTTP/2, but TLS is not enabled. HTTP/2 requires TLS application protocol negotiation. Connections to this endpoint will use HTTP/1.1.
2025-11-15 13:49:47.426 +02:00 [WRN] HTTP/2 is not enabled for 127.0.0.1:59127. The endpoint is configured to use HTTP/1.1 and HTTP/2, but TLS is not enabled. HTTP/2 requires TLS application protocol negotiation. Connections to this endpoint will use HTTP/1.1.
2025-11-15 13:49:47.426 +02:00 [WRN] HTTP/2 is not enabled for [::1]:59127. The endpoint is configured to use HTTP/1.1 and HTTP/2, but TLS is not enabled. HTTP/2 requires TLS application protocol negotiation. Connections to this endpoint will use HTTP/1.1.
2025-11-15 13:49:47.428 +02:00 [INF] Now listening on: http://localhost:59126
2025-11-15 13:49:47.428 +02:00 [INF] Now listening on: http://localhost:59127
2025-11-15 13:49:47.431 +02:00 [INF] Application started. Press Ctrl+C to shut down.
2025-11-15 13:49:47.431 +02:00 [INF] Hosting environment: Development
2025-11-15 13:49:47.431 +02:00 [INF] Content root path: C:\Users\liza\RiderProjects\StudentPortal\StudentPortal.Enrollment.Api
2025-11-15 13:52:42.283 +02:00 [INF] Application is shutting down...
2025-11-15 13:56:27.736 +02:00 [WRN] HTTP/2 is not enabled for 127.0.0.1:57867. The endpoint is configured to use HTTP/1.1 and HTTP/2, but TLS is not enabled. HTTP/2 requires TLS application protocol negotiation. Connections to this endpoint will use HTTP/1.1.
2025-11-15 13:56:27.789 +02:00 [WRN] HTTP/2 is not enabled for [::1]:57867. The endpoint is configured to use HTTP/1.1 and HTTP/2, but TLS is not enabled. HTTP/2 requires TLS application protocol negotiation. Connections to this endpoint will use HTTP/1.1.
2025-11-15 13:56:27.790 +02:00 [WRN] HTTP/2 is not enabled for 127.0.0.1:57869. The endpoint is configured to use HTTP/1.1 and HTTP/2, but TLS is not enabled. HTTP/2 requires TLS application protocol negotiation. Connections to this endpoint will use HTTP/1.1.
2025-11-15 13:56:27.790 +02:00 [WRN] HTTP/2 is not enabled for [::1]:57869. The endpoint is configured to use HTTP/1.1 and HTTP/2, but TLS is not enabled. HTTP/2 requires TLS application protocol negotiation. Connections to this endpoint will use HTTP/1.1.
2025-11-15 13:56:27.792 +02:00 [INF] Now listening on: http://localhost:57867
2025-11-15 13:56:27.793 +02:00 [INF] Now listening on: http://localhost:57869
2025-11-15 13:56:27.795 +02:00 [INF] Application started. Press Ctrl+C to shut down.
2025-11-15 13:56:27.796 +02:00 [INF] Hosting environment: Development
2025-11-15 13:56:27.796 +02:00 [INF] Content root path: C:\Users\liza\RiderProjects\StudentPortal\StudentPortal.Enrollment.Api
2025-11-15 13:57:03.765 +02:00 [INF] Application is shutting down...
2025-11-15 14:00:06.483 +02:00 [WRN] HTTP/2 is not enabled for 127.0.0.1:53188. The endpoint is configured to use HTTP/1.1 and HTTP/2, but TLS is not enabled. HTTP/2 requires TLS application protocol negotiation. Connections to this endpoint will use HTTP/1.1.
2025-11-15 14:00:06.525 +02:00 [WRN] HTTP/2 is not enabled for [::1]:53188. The endpoint is configured to use HTTP/1.1 and HTTP/2, but TLS is not enabled. HTTP/2 requires TLS application protocol negotiation. Connections to this endpoint will use HTTP/1.1.
2025-11-15 14:00:06.527 +02:00 [WRN] HTTP/2 is not enabled for 127.0.0.1:53190. The endpoint is configured to use HTTP/1.1 and HTTP/2, but TLS is not enabled. HTTP/2 requires TLS application protocol negotiation. Connections to this endpoint will use HTTP/1.1.
2025-11-15 14:00:06.527 +02:00 [WRN] HTTP/2 is not enabled for [::1]:53190. The endpoint is configured to use HTTP/1.1 and HTTP/2, but TLS is not enabled. HTTP/2 requires TLS application protocol negotiation. Connections to this endpoint will use HTTP/1.1.
2025-11-15 14:00:06.528 +02:00 [INF] Now listening on: http://localhost:53188
2025-11-15 14:00:06.528 +02:00 [INF] Now listening on: http://localhost:53190
2025-11-15 14:00:06.530 +02:00 [INF] Application started. Press Ctrl+C to shut down.
2025-11-15 14:00:06.531 +02:00 [INF] Hosting environment: Development
2025-11-15 14:00:06.531 +02:00 [INF] Content root path: C:\Users\liza\RiderProjects\StudentPortal\StudentPortal.Enrollment.Api
2025-11-15 14:00:42.698 +02:00 [INF] Application is shutting down...
2025-11-15 14:03:03.717 +02:00 [WRN] HTTP/2 is not enabled for 127.0.0.1:62961. The endpoint is configured to use HTTP/1.1 and HTTP/2, but TLS is not enabled. HTTP/2 requires TLS application protocol negotiation. Connections to this endpoint will use HTTP/1.1.
2025-11-15 14:03:03.756 +02:00 [WRN] HTTP/2 is not enabled for [::1]:62961. The endpoint is configured to use HTTP/1.1 and HTTP/2, but TLS is not enabled. HTTP/2 requires TLS application protocol negotiation. Connections to this endpoint will use HTTP/1.1.
2025-11-15 14:03:03.757 +02:00 [WRN] HTTP/2 is not enabled for 127.0.0.1:62964. The endpoint is configured to use HTTP/1.1 and HTTP/2, but TLS is not enabled. HTTP/2 requires TLS application protocol negotiation. Connections to this endpoint will use HTTP/1.1.
2025-11-15 14:03:03.757 +02:00 [WRN] HTTP/2 is not enabled for [::1]:62964. The endpoint is configured to use HTTP/1.1 and HTTP/2, but TLS is not enabled. HTTP/2 requires TLS application protocol negotiation. Connections to this endpoint will use HTTP/1.1.
2025-11-15 14:03:03.759 +02:00 [INF] Now listening on: http://localhost:62961
2025-11-15 14:03:03.759 +02:00 [INF] Now listening on: http://localhost:62964
2025-11-15 14:03:03.761 +02:00 [INF] Application started. Press Ctrl+C to shut down.
2025-11-15 14:03:03.762 +02:00 [INF] Hosting environment: Development
2025-11-15 14:03:03.762 +02:00 [INF] Content root path: C:\Users\liza\RiderProjects\StudentPortal\StudentPortal.Enrollment.Api
2025-11-15 14:04:00.551 +02:00 [INF] Application is shutting down...
2025-11-15 14:06:04.481 +02:00 [WRN] HTTP/2 is not enabled for 127.0.0.1:58755. The endpoint is configured to use HTTP/1.1 and HTTP/2, but TLS is not enabled. HTTP/2 requires TLS application protocol negotiation. Connections to this endpoint will use HTTP/1.1.
2025-11-15 14:06:04.522 +02:00 [WRN] HTTP/2 is not enabled for [::1]:58755. The endpoint is configured to use HTTP/1.1 and HTTP/2, but TLS is not enabled. HTTP/2 requires TLS application protocol negotiation. Connections to this endpoint will use HTTP/1.1.
2025-11-15 14:06:04.523 +02:00 [WRN] HTTP/2 is not enabled for 127.0.0.1:58756. The endpoint is configured to use HTTP/1.1 and HTTP/2, but TLS is not enabled. HTTP/2 requires TLS application protocol negotiation. Connections to this endpoint will use HTTP/1.1.
2025-11-15 14:06:04.524 +02:00 [WRN] HTTP/2 is not enabled for [::1]:58756. The endpoint is configured to use HTTP/1.1 and HTTP/2, but TLS is not enabled. HTTP/2 requires TLS application protocol negotiation. Connections to this endpoint will use HTTP/1.1.
2025-11-15 14:06:04.525 +02:00 [INF] Now listening on: http://localhost:58755
2025-11-15 14:06:04.525 +02:00 [INF] Now listening on: http://localhost:58756
2025-11-15 14:06:04.527 +02:00 [INF] Application started. Press Ctrl+C to shut down.
2025-11-15 14:06:04.527 +02:00 [INF] Hosting environment: Development
2025-11-15 14:06:04.528 +02:00 [INF] Content root path: C:\Users\liza\RiderProjects\StudentPortal\StudentPortal.Enrollment.Api
2025-11-15 14:08:16.317 +02:00 [INF] Application is shutting down...
2025-11-15 14:09:03.984 +02:00 [WRN] HTTP/2 is not enabled for 127.0.0.1:61516. The endpoint is configured to use HTTP/1.1 and HTTP/2, but TLS is not enabled. HTTP/2 requires TLS application protocol negotiation. Connections to this endpoint will use HTTP/1.1.
2025-11-15 14:09:04.032 +02:00 [WRN] HTTP/2 is not enabled for [::1]:61516. The endpoint is configured to use HTTP/1.1 and HTTP/2, but TLS is not enabled. HTTP/2 requires TLS application protocol negotiation. Connections to this endpoint will use HTTP/1.1.
2025-11-15 14:09:04.033 +02:00 [WRN] HTTP/2 is not enabled for 127.0.0.1:61519. The endpoint is configured to use HTTP/1.1 and HTTP/2, but TLS is not enabled. HTTP/2 requires TLS application protocol negotiation. Connections to this endpoint will use HTTP/1.1.
2025-11-15 14:09:04.034 +02:00 [WRN] HTTP/2 is not enabled for [::1]:61519. The endpoint is configured to use HTTP/1.1 and HTTP/2, but TLS is not enabled. HTTP/2 requires TLS application protocol negotiation. Connections to this endpoint will use HTTP/1.1.
2025-11-15 14:09:04.036 +02:00 [INF] Now listening on: http://localhost:61516
2025-11-15 14:09:04.036 +02:00 [INF] Now listening on: http://localhost:61519
2025-11-15 14:09:04.038 +02:00 [INF] Application started. Press Ctrl+C to shut down.
2025-11-15 14:09:04.038 +02:00 [INF] Hosting environment: Development
2025-11-15 14:09:04.038 +02:00 [INF] Content root path: C:\Users\liza\RiderProjects\StudentPortal\StudentPortal.Enrollment.Api
2025-11-15 14:10:05.465 +02:00 [INF] Application is shutting down...
2025-11-15 14:16:09.299 +02:00 [WRN] HTTP/2 is not enabled for 127.0.0.1:54039. The endpoint is configured to use HTTP/1.1 and HTTP/2, but TLS is not enabled. HTTP/2 requires TLS application protocol negotiation. Connections to this endpoint will use HTTP/1.1.
2025-11-15 14:16:09.351 +02:00 [WRN] HTTP/2 is not enabled for [::1]:54039. The endpoint is configured to use HTTP/1.1 and HTTP/2, but TLS is not enabled. HTTP/2 requires TLS application protocol negotiation. Connections to this endpoint will use HTTP/1.1.
2025-11-15 14:16:09.353 +02:00 [WRN] HTTP/2 is not enabled for 127.0.0.1:54040. The endpoint is configured to use HTTP/1.1 and HTTP/2, but TLS is not enabled. HTTP/2 requires TLS application protocol negotiation. Connections to this endpoint will use HTTP/1.1.
2025-11-15 14:16:09.353 +02:00 [WRN] HTTP/2 is not enabled for [::1]:54040. The endpoint is configured to use HTTP/1.1 and HTTP/2, but TLS is not enabled. HTTP/2 requires TLS application protocol negotiation. Connections to this endpoint will use HTTP/1.1.
2025-11-15 14:16:09.381 +02:00 [WRN] The ASP.NET Core developer certificate is not trusted. For information about trusting the ASP.NET Core developer certificate, see https://aka.ms/aspnet/https-trust-dev-cert
2025-11-15 14:16:09.398 +02:00 [INF] Now listening on: http://localhost:54039
2025-11-15 14:16:09.398 +02:00 [INF] Now listening on: http://localhost:54040
2025-11-15 14:16:09.398 +02:00 [INF] Now listening on: https://localhost:54043
2025-11-15 14:16:09.400 +02:00 [INF] Application started. Press Ctrl+C to shut down.
2025-11-15 14:16:09.400 +02:00 [INF] Hosting environment: Development
2025-11-15 14:16:09.400 +02:00 [INF] Content root path: C:\Users\liza\RiderProjects\StudentPortal\StudentPortal.Enrollment.Api
2025-11-15 14:17:39.943 +02:00 [INF] Application is shutting down...
2025-11-15 14:18:29.033 +02:00 [WRN] HTTP/2 is not enabled for 127.0.0.1:61503. The endpoint is configured to use HTTP/1.1 and HTTP/2, but TLS is not enabled. HTTP/2 requires TLS application protocol negotiation. Connections to this endpoint will use HTTP/1.1.
2025-11-15 14:18:29.073 +02:00 [WRN] HTTP/2 is not enabled for [::1]:61503. The endpoint is configured to use HTTP/1.1 and HTTP/2, but TLS is not enabled. HTTP/2 requires TLS application protocol negotiation. Connections to this endpoint will use HTTP/1.1.
2025-11-15 14:18:29.075 +02:00 [WRN] HTTP/2 is not enabled for 127.0.0.1:61504. The endpoint is configured to use HTTP/1.1 and HTTP/2, but TLS is not enabled. HTTP/2 requires TLS application protocol negotiation. Connections to this endpoint will use HTTP/1.1.
2025-11-15 14:18:29.075 +02:00 [WRN] HTTP/2 is not enabled for [::1]:61504. The endpoint is configured to use HTTP/1.1 and HTTP/2, but TLS is not enabled. HTTP/2 requires TLS application protocol negotiation. Connections to this endpoint will use HTTP/1.1.
2025-11-15 14:18:29.077 +02:00 [INF] Now listening on: http://localhost:61503
2025-11-15 14:18:29.077 +02:00 [INF] Now listening on: http://localhost:61504
2025-11-15 14:18:29.079 +02:00 [INF] Application started. Press Ctrl+C to shut down.
2025-11-15 14:18:29.080 +02:00 [INF] Hosting environment: Development
2025-11-15 14:18:29.080 +02:00 [INF] Content root path: C:\Users\liza\RiderProjects\StudentPortal\StudentPortal.Enrollment.Api
2025-11-15 14:19:37.580 +02:00 [INF] Application is shutting down...
2025-11-15 14:20:04.039 +02:00 [WRN] HTTP/2 is not enabled for 127.0.0.1:55091. The endpoint is configured to use HTTP/1.1 and HTTP/2, but TLS is not enabled. HTTP/2 requires TLS application protocol negotiation. Connections to this endpoint will use HTTP/1.1.
2025-11-15 14:20:04.085 +02:00 [WRN] HTTP/2 is not enabled for [::1]:55091. The endpoint is configured to use HTTP/1.1 and HTTP/2, but TLS is not enabled. HTTP/2 requires TLS application protocol negotiation. Connections to this endpoint will use HTTP/1.1.
2025-11-15 14:20:04.086 +02:00 [WRN] HTTP/2 is not enabled for 127.0.0.1:55092. The endpoint is configured to use HTTP/1.1 and HTTP/2, but TLS is not enabled. HTTP/2 requires TLS application protocol negotiation. Connections to this endpoint will use HTTP/1.1.
2025-11-15 14:20:04.086 +02:00 [WRN] HTTP/2 is not enabled for [::1]:55092. The endpoint is configured to use HTTP/1.1 and HTTP/2, but TLS is not enabled. HTTP/2 requires TLS application protocol negotiation. Connections to this endpoint will use HTTP/1.1.
2025-11-15 14:20:04.088 +02:00 [INF] Now listening on: http://localhost:55091
2025-11-15 14:20:04.088 +02:00 [INF] Now listening on: http://localhost:55092
2025-11-15 14:20:04.091 +02:00 [INF] Application started. Press Ctrl+C to shut down.
2025-11-15 14:20:04.091 +02:00 [INF] Hosting environment: Development
2025-11-15 14:20:04.091 +02:00 [INF] Content root path: C:\Users\liza\RiderProjects\StudentPortal\StudentPortal.Enrollment.Api
2025-11-15 14:22:09.446 +02:00 [INF] Application is shutting down...
2025-11-15 14:22:40.288 +02:00 [WRN] HTTP/2 is not enabled for 127.0.0.1:64520. The endpoint is configured to use HTTP/1.1 and HTTP/2, but TLS is not enabled. HTTP/2 requires TLS application protocol negotiation. Connections to this endpoint will use HTTP/1.1.
2025-11-15 14:22:40.326 +02:00 [WRN] HTTP/2 is not enabled for [::1]:64520. The endpoint is configured to use HTTP/1.1 and HTTP/2, but TLS is not enabled. HTTP/2 requires TLS application protocol negotiation. Connections to this endpoint will use HTTP/1.1.
2025-11-15 14:22:40.328 +02:00 [WRN] HTTP/2 is not enabled for 127.0.0.1:64521. The endpoint is configured to use HTTP/1.1 and HTTP/2, but TLS is not enabled. HTTP/2 requires TLS application protocol negotiation. Connections to this endpoint will use HTTP/1.1.
2025-11-15 14:22:40.328 +02:00 [WRN] HTTP/2 is not enabled for [::1]:64521. The endpoint is configured to use HTTP/1.1 and HTTP/2, but TLS is not enabled. HTTP/2 requires TLS application protocol negotiation. Connections to this endpoint will use HTTP/1.1.
2025-11-15 14:22:40.330 +02:00 [INF] Now listening on: http://localhost:64520
2025-11-15 14:22:40.330 +02:00 [INF] Now listening on: http://localhost:64521
2025-11-15 14:22:40.333 +02:00 [INF] Application started. Press Ctrl+C to shut down.
2025-11-15 14:22:40.333 +02:00 [INF] Hosting environment: Development
2025-11-15 14:22:40.334 +02:00 [INF] Content root path: C:\Users\liza\RiderProjects\StudentPortal\StudentPortal.Enrollment.Api
2025-11-15 14:23:27.017 +02:00 [INF] Application is shutting down...
2025-11-15 14:28:18.906 +02:00 [WRN] HTTP/2 is not enabled for 127.0.0.1:53583. The endpoint is configured to use HTTP/1.1 and HTTP/2, but TLS is not enabled. HTTP/2 requires TLS application protocol negotiation. Connections to this endpoint will use HTTP/1.1.
2025-11-15 14:28:18.954 +02:00 [WRN] HTTP/2 is not enabled for [::1]:53583. The endpoint is configured to use HTTP/1.1 and HTTP/2, but TLS is not enabled. HTTP/2 requires TLS application protocol negotiation. Connections to this endpoint will use HTTP/1.1.
2025-11-15 14:28:18.955 +02:00 [WRN] HTTP/2 is not enabled for 127.0.0.1:53584. The endpoint is configured to use HTTP/1.1 and HTTP/2, but TLS is not enabled. HTTP/2 requires TLS application protocol negotiation. Connections to this endpoint will use HTTP/1.1.
2025-11-15 14:28:18.955 +02:00 [WRN] HTTP/2 is not enabled for [::1]:53584. The endpoint is configured to use HTTP/1.1 and HTTP/2, but TLS is not enabled. HTTP/2 requires TLS application protocol negotiation. Connections to this endpoint will use HTTP/1.1.
2025-11-15 14:28:18.956 +02:00 [INF] Now listening on: http://localhost:53583
2025-11-15 14:28:18.957 +02:00 [INF] Now listening on: http://localhost:53584
2025-11-15 14:28:18.959 +02:00 [INF] Application started. Press Ctrl+C to shut down.
2025-11-15 14:28:18.959 +02:00 [INF] Hosting environment: Development
2025-11-15 14:28:18.959 +02:00 [INF] Content root path: C:\Users\liza\RiderProjects\StudentPortal\StudentPortal.Enrollment.Api
2025-11-15 14:29:08.352 +02:00 [INF] Application is shutting down...
2025-11-15 14:31:56.346 +02:00 [WRN] HTTP/2 is not enabled for 127.0.0.1:50192. The endpoint is configured to use HTTP/1.1 and HTTP/2, but TLS is not enabled. HTTP/2 requires TLS application protocol negotiation. Connections to this endpoint will use HTTP/1.1.
2025-11-15 14:31:56.410 +02:00 [WRN] HTTP/2 is not enabled for [::1]:50192. The endpoint is configured to use HTTP/1.1 and HTTP/2, but TLS is not enabled. HTTP/2 requires TLS application protocol negotiation. Connections to this endpoint will use HTTP/1.1.
2025-11-15 14:31:56.412 +02:00 [WRN] HTTP/2 is not enabled for 127.0.0.1:50193. The endpoint is configured to use HTTP/1.1 and HTTP/2, but TLS is not enabled. HTTP/2 requires TLS application protocol negotiation. Connections to this endpoint will use HTTP/1.1.
2025-11-15 14:31:56.412 +02:00 [WRN] HTTP/2 is not enabled for [::1]:50193. The endpoint is configured to use HTTP/1.1 and HTTP/2, but TLS is not enabled. HTTP/2 requires TLS application protocol negotiation. Connections to this endpoint will use HTTP/1.1.
2025-11-15 14:31:56.414 +02:00 [INF] Now listening on: http://localhost:50192
2025-11-15 14:31:56.414 +02:00 [INF] Now listening on: http://localhost:50193
2025-11-15 14:31:56.417 +02:00 [INF] Application started. Press Ctrl+C to shut down.
2025-11-15 14:31:56.418 +02:00 [INF] Hosting environment: Development
2025-11-15 14:31:56.418 +02:00 [INF] Content root path: C:\Users\liza\RiderProjects\StudentPortal\StudentPortal.Enrollment.Api
2025-11-15 14:33:38.343 +02:00 [INF] Application is shutting down...
