2025-11-02 15:49:42.263 +02:00 [INF] Now listening on: http://localhost:50788
2025-11-02 15:49:42.779 +02:00 [INF] Now listening on: http://localhost:50789
2025-11-02 15:49:42.805 +02:00 [INF] Application started. Press Ctrl+C to shut down.
2025-11-02 15:49:42.808 +02:00 [INF] Hosting environment: Development
2025-11-02 15:49:42.808 +02:00 [INF] Content root path: /Users/admin/RiderProjects/StudentPortal/StudentPortal.Enrollment.Api
2025-11-02 15:55:08.987 +02:00 [INF] Application is shutting down...
2025-11-02 17:46:06.825 +02:00 [INF] Now listening on: http://localhost:59112
2025-11-02 17:46:06.877 +02:00 [INF] Now listening on: http://localhost:59113
2025-11-02 17:46:06.880 +02:00 [INF] Application started. Press Ctrl+C to shut down.
2025-11-02 17:46:06.880 +02:00 [INF] Hosting environment: Development
2025-11-02 17:46:06.880 +02:00 [INF] Content root path: C:\Users\liza\RiderProjects\StudentPortal\StudentPortal.Enrollment.Api
2025-11-02 17:46:48.458 +02:00 [INF] Request starting HTTP/1.1 GET http://localhost:5196/ - null null
2025-11-02 17:46:48.511 +02:00 [WRN] Failed to determine the https port for redirect.
2025-11-02 17:46:48.515 +02:00 [INF] Request finished HTTP/1.1 GET http://localhost:5196/ - 404 0 null 59.6736ms
2025-11-02 17:46:48.536 +02:00 [INF] Request reached the end of the middleware pipeline without being handled by application code. Request path: GET http://localhost:5196/, Response status code: 404
2025-11-02 17:47:05.331 +02:00 [INF] Request starting HTTP/1.1 GET http://localhost:5196/swagger/index/html - null null
2025-11-02 17:47:05.411 +02:00 [INF] Request finished HTTP/1.1 GET http://localhost:5196/swagger/index/html - 200 null text/html;charset=utf-8 79.1429ms
2025-11-02 17:47:05.433 +02:00 [INF] Request starting HTTP/1.1 GET http://localhost:5196/swagger/index/swagger-ui.css - null null
2025-11-02 17:47:05.434 +02:00 [INF] Request starting HTTP/1.1 GET http://localhost:5196/swagger/index/index.css - null null
2025-11-02 17:47:05.436 +02:00 [INF] Request finished HTTP/1.1 GET http://localhost:5196/swagger/index/index.css - 404 0 null 1.6466ms
2025-11-02 17:47:05.436 +02:00 [INF] Request finished HTTP/1.1 GET http://localhost:5196/swagger/index/swagger-ui.css - 404 0 null 2.7012ms
2025-11-02 17:47:05.436 +02:00 [INF] Request reached the end of the middleware pipeline without being handled by application code. Request path: GET http://localhost:5196/swagger/index/index.css, Response status code: 404
2025-11-02 17:47:05.436 +02:00 [INF] Request reached the end of the middleware pipeline without being handled by application code. Request path: GET http://localhost:5196/swagger/index/swagger-ui.css, Response status code: 404
2025-11-02 17:47:05.443 +02:00 [INF] Request starting HTTP/1.1 GET http://localhost:5196/swagger/index/index.js - null null
2025-11-02 17:47:05.443 +02:00 [INF] Request starting HTTP/1.1 GET http://localhost:5196/swagger/index/swagger-ui-bundle.js - null null
2025-11-02 17:47:05.443 +02:00 [INF] Request starting HTTP/1.1 GET http://localhost:5196/swagger/index/swagger-ui-standalone-preset.js - null null
2025-11-02 17:47:05.443 +02:00 [INF] Request finished HTTP/1.1 GET http://localhost:5196/swagger/index/swagger-ui-bundle.js - 404 0 null 0.3799ms
2025-11-02 17:47:05.443 +02:00 [INF] Request finished HTTP/1.1 GET http://localhost:5196/swagger/index/index.js - 404 0 null 0.3674ms
2025-11-02 17:47:05.443 +02:00 [INF] Request reached the end of the middleware pipeline without being handled by application code. Request path: GET http://localhost:5196/swagger/index/swagger-ui-bundle.js, Response status code: 404
2025-11-02 17:47:05.443 +02:00 [INF] Request finished HTTP/1.1 GET http://localhost:5196/swagger/index/swagger-ui-standalone-preset.js - 404 0 null 0.2248ms
2025-11-02 17:47:05.443 +02:00 [INF] Request reached the end of the middleware pipeline without being handled by application code. Request path: GET http://localhost:5196/swagger/index/index.js, Response status code: 404
2025-11-02 17:47:05.443 +02:00 [INF] Request reached the end of the middleware pipeline without being handled by application code. Request path: GET http://localhost:5196/swagger/index/swagger-ui-standalone-preset.js, Response status code: 404
2025-11-02 17:47:05.548 +02:00 [INF] Request starting HTTP/1.1 GET http://localhost:5196/swagger/index/favicon-32x32.png - null null
2025-11-02 17:47:05.548 +02:00 [INF] Request finished HTTP/1.1 GET http://localhost:5196/swagger/index/favicon-32x32.png - 404 0 null 0.4494ms
2025-11-02 17:47:05.549 +02:00 [INF] Request reached the end of the middleware pipeline without being handled by application code. Request path: GET http://localhost:5196/swagger/index/favicon-32x32.png, Response status code: 404
2025-11-02 17:47:05.557 +02:00 [INF] Request starting HTTP/1.1 GET http://localhost:5196/swagger/index/favicon-16x16.png - null null
2025-11-02 17:47:05.558 +02:00 [INF] Request finished HTTP/1.1 GET http://localhost:5196/swagger/index/favicon-16x16.png - 404 0 null 0.3386ms
2025-11-02 17:47:05.558 +02:00 [INF] Request reached the end of the middleware pipeline without being handled by application code. Request path: GET http://localhost:5196/swagger/index/favicon-16x16.png, Response status code: 404
2025-11-02 17:47:05.565 +02:00 [INF] Request starting HTTP/1.1 GET http://localhost:5196/swagger/index/favicon-32x32.png - null null
2025-11-02 17:47:05.565 +02:00 [INF] Request finished HTTP/1.1 GET http://localhost:5196/swagger/index/favicon-32x32.png - 404 0 null 0.4095ms
2025-11-02 17:47:05.565 +02:00 [INF] Request reached the end of the middleware pipeline without being handled by application code. Request path: GET http://localhost:5196/swagger/index/favicon-32x32.png, Response status code: 404
2025-11-02 17:47:05.571 +02:00 [INF] Request starting HTTP/1.1 GET http://localhost:5196/swagger/index/favicon-16x16.png - null null
2025-11-02 17:47:05.571 +02:00 [INF] Request finished HTTP/1.1 GET http://localhost:5196/swagger/index/favicon-16x16.png - 404 0 null 0.4302ms
2025-11-02 17:47:05.571 +02:00 [INF] Request reached the end of the middleware pipeline without being handled by application code. Request path: GET http://localhost:5196/swagger/index/favicon-16x16.png, Response status code: 404
2025-11-02 17:47:10.933 +02:00 [INF] Request starting HTTP/1.1 GET http://localhost:5196/swagger/index.html - null null
2025-11-02 17:47:10.934 +02:00 [INF] Request finished HTTP/1.1 GET http://localhost:5196/swagger/index.html - 200 null text/html;charset=utf-8 1.3655ms
2025-11-02 17:47:10.954 +02:00 [INF] Request starting HTTP/1.1 GET http://localhost:5196/swagger/index.css - null null
2025-11-02 17:47:10.954 +02:00 [INF] Request starting HTTP/1.1 GET http://localhost:5196/swagger/swagger-ui.css - null null
2025-11-02 17:47:10.954 +02:00 [INF] Request starting HTTP/1.1 GET http://localhost:5196/swagger/swagger-ui-bundle.js - null null
2025-11-02 17:47:10.954 +02:00 [INF] Request starting HTTP/1.1 GET http://localhost:5196/swagger/swagger-ui-standalone-preset.js - null null
2025-11-02 17:47:10.954 +02:00 [INF] Request starting HTTP/1.1 GET http://localhost:5196/swagger/index.js - null null
2025-11-02 17:47:10.955 +02:00 [INF] Request finished HTTP/1.1 GET http://localhost:5196/swagger/index.js - 200 null application/javascript;charset=utf-8 0.4614ms
2025-11-02 17:47:10.972 +02:00 [INF] Request finished HTTP/1.1 GET http://localhost:5196/swagger/index.css - 200 152 text/css 18.9293ms
2025-11-02 17:47:10.973 +02:00 [INF] Request finished HTTP/1.1 GET http://localhost:5196/swagger/swagger-ui.css - 200 23647 text/css 19.1028ms
2025-11-02 17:47:10.983 +02:00 [INF] Request finished HTTP/1.1 GET http://localhost:5196/swagger/swagger-ui-standalone-preset.js - 200 77352 text/javascript 29.4847ms
2025-11-02 17:47:10.983 +02:00 [INF] Request finished HTTP/1.1 GET http://localhost:5196/swagger/swagger-ui-bundle.js - 200 424767 text/javascript 29.5701ms
2025-11-02 17:47:11.093 +02:00 [INF] Request starting HTTP/1.1 GET http://localhost:5196/swagger/favicon-32x32.png - null null
2025-11-02 17:47:11.094 +02:00 [INF] Request finished HTTP/1.1 GET http://localhost:5196/swagger/favicon-32x32.png - 200 628 image/png 1.7004ms
2025-11-02 17:47:11.131 +02:00 [INF] Request starting HTTP/1.1 GET http://localhost:5196/swagger/v1/swagger.json - null null
2025-11-02 17:47:11.628 +02:00 [INF] Request finished HTTP/1.1 GET http://localhost:5196/swagger/v1/swagger.json - 200 null application/json;charset=utf-8 497.2608ms
2025-11-02 17:47:18.640 +02:00 [INF] Request starting HTTP/1.1 GET http://localhost:5196/ - null null
2025-11-02 17:47:18.641 +02:00 [INF] Request finished HTTP/1.1 GET http://localhost:5196/ - 404 0 null 0.5034ms
2025-11-02 17:47:18.641 +02:00 [INF] Request reached the end of the middleware pipeline without being handled by application code. Request path: GET http://localhost:5196/, Response status code: 404
2025-11-02 17:47:30.238 +02:00 [INF] Request starting HTTP/1.1 GET http://localhost:5196/swagger/v1/swagger.json - null null
2025-11-02 17:47:30.307 +02:00 [INF] Request finished HTTP/1.1 GET http://localhost:5196/swagger/v1/swagger.json - 200 null application/json;charset=utf-8 69.7885ms
2025-11-02 17:48:06.382 +02:00 [INF] Request starting HTTP/1.1 GET http://localhost:5196/api/Course - null null
2025-11-02 17:48:06.387 +02:00 [INF] Executing endpoint 'StudentPortal.Controllers.CourseController.GetAll (StudentPortal.Enrollment.Api)'
2025-11-02 17:48:06.413 +02:00 [INF] Route matched with {action = "GetAll", controller = "Course"}. Executing controller action with signature System.Threading.Tasks.Task`1[Microsoft.AspNetCore.Mvc.ActionResult`1[System.Collections.Generic.IEnumerable`1[StudentPortal.Enrollment.Domain.Course]]] GetAll(System.Threading.CancellationToken) on controller StudentPortal.Controllers.CourseController (StudentPortal.Enrollment.Api).
2025-11-02 17:48:07.145 +02:00 [INF] Executing OkObjectResult, writing value of type 'System.Collections.Generic.List`1[[StudentPortal.Enrollment.Domain.Course, StudentPortal.Enrollment.Domain, Version=1.0.0.0, Culture=neutral, PublicKeyToken=null]]'.
2025-11-02 17:48:07.168 +02:00 [INF] Executed action StudentPortal.Controllers.CourseController.GetAll (StudentPortal.Enrollment.Api) in 750.2291ms
2025-11-02 17:48:07.169 +02:00 [INF] Executed endpoint 'StudentPortal.Controllers.CourseController.GetAll (StudentPortal.Enrollment.Api)'
2025-11-02 17:48:07.174 +02:00 [INF] Request finished HTTP/1.1 GET http://localhost:5196/api/Course - 200 null application/json; charset=utf-8 792.1499ms
2025-11-02 17:48:23.601 +02:00 [INF] Request starting HTTP/1.1 GET http://localhost:5196/api/Enrollment - null null
2025-11-02 17:48:23.604 +02:00 [INF] Executing endpoint 'StudentPortal.Controllers.EnrollmentController.GetAll (StudentPortal.Enrollment.Api)'
2025-11-02 17:48:23.609 +02:00 [INF] Route matched with {action = "GetAll", controller = "Enrollment"}. Executing controller action with signature System.Threading.Tasks.Task`1[Microsoft.AspNetCore.Mvc.ActionResult`1[System.Collections.Generic.IEnumerable`1[StudentPortal.Enrollment.Domain.Enrollment]]] GetAll() on controller StudentPortal.Controllers.EnrollmentController (StudentPortal.Enrollment.Api).
2025-11-02 17:48:23.631 +02:00 [INF] Executing OkObjectResult, writing value of type 'System.Collections.Generic.List`1[[StudentPortal.Enrollment.Domain.Enrollment, StudentPortal.Enrollment.Domain, Version=1.0.0.0, Culture=neutral, PublicKeyToken=null]]'.
2025-11-02 17:48:23.636 +02:00 [INF] Executed action StudentPortal.Controllers.EnrollmentController.GetAll (StudentPortal.Enrollment.Api) in 26.8118ms
2025-11-02 17:48:23.636 +02:00 [INF] Executed endpoint 'StudentPortal.Controllers.EnrollmentController.GetAll (StudentPortal.Enrollment.Api)'
2025-11-02 17:48:23.637 +02:00 [INF] Request finished HTTP/1.1 GET http://localhost:5196/api/Enrollment - 200 null application/json; charset=utf-8 35.9209ms
2025-11-02 17:49:20.621 +02:00 [INF] Request starting HTTP/1.1 GET http://localhost:5196/api/Courses - null null
2025-11-02 17:49:20.621 +02:00 [INF] Executing endpoint 'StudentPortal.CourseCatalogService.APii.Controllers.CoursesController.GetAllCourses (StudentPortal.CourseCatalogService.Apii)'
2025-11-02 17:49:20.629 +02:00 [INF] Route matched with {action = "GetAllCourses", controller = "Courses"}. Executing controller action with signature System.Threading.Tasks.Task`1[Microsoft.AspNetCore.Mvc.ActionResult`1[System.Collections.Generic.IEnumerable`1[StudentPortal.CourseCatalogService.BLL.DTOs.Courses.CourseDto]]] GetAllCourses(System.Threading.CancellationToken) on controller StudentPortal.CourseCatalogService.APii.Controllers.CoursesController (StudentPortal.CourseCatalogService.Apii).
2025-11-02 17:49:20.631 +02:00 [INF] Executed action StudentPortal.CourseCatalogService.APii.Controllers.CoursesController.GetAllCourses (StudentPortal.CourseCatalogService.Apii) in 2.5386ms
2025-11-02 17:49:20.632 +02:00 [INF] Executed endpoint 'StudentPortal.CourseCatalogService.APii.Controllers.CoursesController.GetAllCourses (StudentPortal.CourseCatalogService.Apii)'
2025-11-02 17:49:20.632 +02:00 [ERR] An unhandled exception has occurred while executing the request.
System.InvalidOperationException: Unable to resolve service for type 'StudentPortal.CourseCatalogService.BLL.Interfaces.ICourseService' while attempting to activate 'StudentPortal.CourseCatalogService.APii.Controllers.CoursesController'.
   at Microsoft.Extensions.DependencyInjection.ActivatorUtilities.ThrowHelperUnableToResolveService(Type type, Type requiredBy)
   at lambda_method25(Closure, IServiceProvider, Object[])
   at Microsoft.AspNetCore.Mvc.Controllers.ControllerFactoryProvider.<>c__DisplayClass6_0.<CreateControllerFactory>g__CreateController|0(ControllerContext controllerContext)
   at Microsoft.AspNetCore.Mvc.Infrastructure.ControllerActionInvoker.Next(State& next, Scope& scope, Object& state, Boolean& isCompleted)
   at Microsoft.AspNetCore.Mvc.Infrastructure.ControllerActionInvoker.InvokeInnerFilterAsync()
--- End of stack trace from previous location ---
   at Microsoft.AspNetCore.Mvc.Infrastructure.ResourceInvoker.<InvokeFilterPipelineAsync>g__Awaited|20_0(ResourceInvoker invoker, Task lastTask, State next, Scope scope, Object state, Boolean isCompleted)
   at Microsoft.AspNetCore.Mvc.Infrastructure.ResourceInvoker.<InvokeAsync>g__Logged|17_1(ResourceInvoker invoker)
   at Microsoft.AspNetCore.Mvc.Infrastructure.ResourceInvoker.<InvokeAsync>g__Logged|17_1(ResourceInvoker invoker)
   at Microsoft.AspNetCore.Routing.EndpointMiddleware.<Invoke>g__AwaitRequestTask|7_0(Endpoint endpoint, Task requestTask, ILogger logger)
   at Swashbuckle.AspNetCore.SwaggerUI.SwaggerUIMiddleware.Invoke(HttpContext httpContext)
   at Swashbuckle.AspNetCore.Swagger.SwaggerMiddleware.Invoke(HttpContext httpContext, ISwaggerProvider swaggerProvider)
   at Microsoft.AspNetCore.Authorization.AuthorizationMiddleware.Invoke(HttpContext context)
   at Microsoft.AspNetCore.Authentication.AuthenticationMiddleware.Invoke(HttpContext context)
   at Microsoft.AspNetCore.Diagnostics.DeveloperExceptionPageMiddlewareImpl.Invoke(HttpContext context)
2025-11-02 17:49:20.648 +02:00 [INF] Request finished HTTP/1.1 GET http://localhost:5196/api/Courses - 500 null text/plain; charset=utf-8 27.7607ms
2025-11-02 17:49:44.279 +02:00 [INF] Request starting HTTP/1.1 GET http://localhost:5196/api/Lessons - null null
2025-11-02 17:49:44.280 +02:00 [INF] Executing endpoint 'StudentPortal.CourseCatalogService.APii.Controllers.LessonsController.GetAllLessons (StudentPortal.CourseCatalogService.Apii)'
2025-11-02 17:49:44.284 +02:00 [INF] Route matched with {action = "GetAllLessons", controller = "Lessons"}. Executing controller action with signature System.Threading.Tasks.Task`1[Microsoft.AspNetCore.Mvc.ActionResult`1[System.Collections.Generic.IEnumerable`1[StudentPortal.CourseCatalogService.BLL.DTOs.Lessons.LessonDto]]] GetAllLessons(System.Threading.CancellationToken) on controller StudentPortal.CourseCatalogService.APii.Controllers.LessonsController (StudentPortal.CourseCatalogService.Apii).
2025-11-02 17:49:44.285 +02:00 [INF] Executed action StudentPortal.CourseCatalogService.APii.Controllers.LessonsController.GetAllLessons (StudentPortal.CourseCatalogService.Apii) in 0.2186ms
2025-11-02 17:49:44.285 +02:00 [INF] Executed endpoint 'StudentPortal.CourseCatalogService.APii.Controllers.LessonsController.GetAllLessons (StudentPortal.CourseCatalogService.Apii)'
2025-11-02 17:49:44.285 +02:00 [ERR] An unhandled exception has occurred while executing the request.
System.InvalidOperationException: Unable to resolve service for type 'StudentPortal.CourseCatalogService.BLL.Interfaces.ILessonService' while attempting to activate 'StudentPortal.CourseCatalogService.APii.Controllers.LessonsController'.
   at Microsoft.Extensions.DependencyInjection.ActivatorUtilities.ThrowHelperUnableToResolveService(Type type, Type requiredBy)
   at lambda_method33(Closure, IServiceProvider, Object[])
   at Microsoft.AspNetCore.Mvc.Controllers.ControllerFactoryProvider.<>c__DisplayClass6_0.<CreateControllerFactory>g__CreateController|0(ControllerContext controllerContext)
   at Microsoft.AspNetCore.Mvc.Infrastructure.ControllerActionInvoker.Next(State& next, Scope& scope, Object& state, Boolean& isCompleted)
   at Microsoft.AspNetCore.Mvc.Infrastructure.ControllerActionInvoker.InvokeInnerFilterAsync()
--- End of stack trace from previous location ---
   at Microsoft.AspNetCore.Mvc.Infrastructure.ResourceInvoker.<InvokeFilterPipelineAsync>g__Awaited|20_0(ResourceInvoker invoker, Task lastTask, State next, Scope scope, Object state, Boolean isCompleted)
   at Microsoft.AspNetCore.Mvc.Infrastructure.ResourceInvoker.<InvokeAsync>g__Logged|17_1(ResourceInvoker invoker)
   at Microsoft.AspNetCore.Mvc.Infrastructure.ResourceInvoker.<InvokeAsync>g__Logged|17_1(ResourceInvoker invoker)
   at Microsoft.AspNetCore.Routing.EndpointMiddleware.<Invoke>g__AwaitRequestTask|7_0(Endpoint endpoint, Task requestTask, ILogger logger)
   at Swashbuckle.AspNetCore.SwaggerUI.SwaggerUIMiddleware.Invoke(HttpContext httpContext)
   at Swashbuckle.AspNetCore.Swagger.SwaggerMiddleware.Invoke(HttpContext httpContext, ISwaggerProvider swaggerProvider)
   at Microsoft.AspNetCore.Authorization.AuthorizationMiddleware.Invoke(HttpContext context)
   at Microsoft.AspNetCore.Authentication.AuthenticationMiddleware.Invoke(HttpContext context)
   at Microsoft.AspNetCore.Diagnostics.DeveloperExceptionPageMiddlewareImpl.Invoke(HttpContext context)
2025-11-02 17:49:44.288 +02:00 [INF] Request finished HTTP/1.1 GET http://localhost:5196/api/Lessons - 500 null text/plain; charset=utf-8 8.5447ms
2025-11-02 17:54:26.852 +02:00 [INF] Request starting HTTP/1.1 GET http://localhost:5001/ - null null
2025-11-02 17:54:26.853 +02:00 [INF] Request finished HTTP/1.1 GET http://localhost:5001/ - 404 0 null 0.3322ms
2025-11-02 17:54:26.853 +02:00 [INF] Request reached the end of the middleware pipeline without being handled by application code. Request path: GET http://localhost:5001/, Response status code: 404
2025-11-02 17:54:42.372 +02:00 [INF] Request starting HTTP/1.1 GET http://localhost:5001/swagger/index.html - null null
2025-11-02 17:54:42.373 +02:00 [INF] Request finished HTTP/1.1 GET http://localhost:5001/swagger/index.html - 200 null text/html;charset=utf-8 0.6287ms
2025-11-02 17:54:42.393 +02:00 [INF] Request starting HTTP/1.1 GET http://localhost:5001/swagger/swagger-ui.css - null null
2025-11-02 17:54:42.393 +02:00 [INF] Request finished HTTP/1.1 GET http://localhost:5001/swagger/swagger-ui.css - 200 23647 text/css 0.3498ms
2025-11-02 17:54:42.393 +02:00 [INF] Request starting HTTP/1.1 GET http://localhost:5001/swagger/index.css - null null
2025-11-02 17:54:42.393 +02:00 [INF] Request finished HTTP/1.1 GET http://localhost:5001/swagger/index.css - 200 152 text/css 0.1314ms
2025-11-02 17:54:42.403 +02:00 [INF] Request starting HTTP/1.1 GET http://localhost:5001/swagger/index.js - null null
2025-11-02 17:54:42.403 +02:00 [INF] Request starting HTTP/1.1 GET http://localhost:5001/swagger/swagger-ui-bundle.js - null null
2025-11-02 17:54:42.403 +02:00 [INF] Request finished HTTP/1.1 GET http://localhost:5001/swagger/index.js - 200 null application/javascript;charset=utf-8 0.5238ms
2025-11-02 17:54:42.404 +02:00 [INF] Request starting HTTP/1.1 GET http://localhost:5001/swagger/swagger-ui-standalone-preset.js - null null
2025-11-02 17:54:42.404 +02:00 [INF] Request finished HTTP/1.1 GET http://localhost:5001/swagger/swagger-ui-bundle.js - 200 424767 text/javascript 1.3647ms
2025-11-02 17:54:42.404 +02:00 [INF] Request finished HTTP/1.1 GET http://localhost:5001/swagger/swagger-ui-standalone-preset.js - 200 77352 text/javascript 0.6977ms
2025-11-02 17:54:42.514 +02:00 [INF] Request starting HTTP/1.1 GET http://localhost:5001/swagger/favicon-32x32.png - null null
2025-11-02 17:54:42.514 +02:00 [INF] Request finished HTTP/1.1 GET http://localhost:5001/swagger/favicon-32x32.png - 200 628 image/png 0.415ms
2025-11-02 17:54:42.546 +02:00 [INF] Request starting HTTP/1.1 GET http://localhost:5001/swagger/v1/swagger.json - null null
2025-11-02 17:54:42.597 +02:00 [INF] Request finished HTTP/1.1 GET http://localhost:5001/swagger/v1/swagger.json - 200 null application/json;charset=utf-8 50.5129ms
2025-11-02 17:55:40.683 +02:00 [INF] Application is shutting down...
