2025-11-14 22:28:51.019 +02:00 [INF] Now listening on: http://localhost:63851
2025-11-14 22:28:51.066 +02:00 [INF] Now listening on: http://localhost:63852
2025-11-14 22:28:51.069 +02:00 [INF] Application started. Press Ctrl+C to shut down.
2025-11-14 22:28:51.070 +02:00 [INF] Hosting environment: Development
2025-11-14 22:28:51.070 +02:00 [INF] Content root path: C:\Users\liza\RiderProjects\StudentPortal\StudentPortal.Enrollment.Api
2025-11-14 22:31:34.651 +02:00 [INF] Application is shutting down...
2025-11-14 22:54:44.610 +02:00 [INF] Now listening on: http://localhost:57203
2025-11-14 22:54:44.676 +02:00 [INF] Now listening on: http://localhost:57204
2025-11-14 22:54:44.680 +02:00 [INF] Application started. Press Ctrl+C to shut down.
2025-11-14 22:54:44.681 +02:00 [INF] Hosting environment: Development
2025-11-14 22:54:44.682 +02:00 [INF] Content root path: C:\Users\liza\RiderProjects\StudentPortal\StudentPortal.Enrollment.Api
2025-11-14 22:55:36.382 +02:00 [INF] Application is shutting down...
2025-11-14 22:58:38.921 +02:00 [INF] Now listening on: http://localhost:63973
2025-11-14 22:58:38.959 +02:00 [INF] Now listening on: http://localhost:63974
2025-11-14 22:58:38.961 +02:00 [INF] Application started. Press Ctrl+C to shut down.
2025-11-14 22:58:38.962 +02:00 [INF] Hosting environment: Development
2025-11-14 22:58:38.962 +02:00 [INF] Content root path: C:\Users\liza\RiderProjects\StudentPortal\StudentPortal.Enrollment.Api
2025-11-14 23:00:07.546 +02:00 [INF] Application is shutting down...
2025-11-14 23:00:38.438 +02:00 [INF] Now listening on: http://localhost:51980
2025-11-14 23:00:38.489 +02:00 [INF] Now listening on: http://localhost:51983
2025-11-14 23:00:38.492 +02:00 [INF] Application started. Press Ctrl+C to shut down.
2025-11-14 23:00:38.492 +02:00 [INF] Hosting environment: Development
2025-11-14 23:00:38.492 +02:00 [INF] Content root path: C:\Users\liza\RiderProjects\StudentPortal\StudentPortal.Enrollment.Api
2025-11-14 23:05:44.459 +02:00 [INF] Application is shutting down...
2025-11-14 23:25:14.240 +02:00 [INF] Now listening on: http://localhost:63499
2025-11-14 23:25:14.285 +02:00 [INF] Now listening on: http://localhost:63500
2025-11-14 23:25:14.289 +02:00 [INF] Application started. Press Ctrl+C to shut down.
2025-11-14 23:25:14.290 +02:00 [INF] Hosting environment: Development
2025-11-14 23:25:14.290 +02:00 [INF] Content root path: C:\Users\liza\RiderProjects\StudentPortal\StudentPortal.Enrollment.Api
2025-11-14 23:29:54.423 +02:00 [INF] Application is shutting down...
2025-11-14 23:30:35.110 +02:00 [INF] Now listening on: http://localhost:57477
2025-11-14 23:30:35.166 +02:00 [INF] Now listening on: http://localhost:57478
2025-11-14 23:30:35.170 +02:00 [INF] Application started. Press Ctrl+C to shut down.
2025-11-14 23:30:35.171 +02:00 [INF] Hosting environment: Development
2025-11-14 23:30:35.171 +02:00 [INF] Content root path: C:\Users\liza\RiderProjects\StudentPortal\StudentPortal.Enrollment.Api
2025-11-14 23:31:29.600 +02:00 [INF] Application is shutting down...
2025-11-14 23:32:15.282 +02:00 [INF] Now listening on: http://localhost:54546
2025-11-14 23:32:15.333 +02:00 [INF] Now listening on: http://localhost:54547
2025-11-14 23:32:15.336 +02:00 [INF] Application started. Press Ctrl+C to shut down.
2025-11-14 23:32:15.337 +02:00 [INF] Hosting environment: Development
2025-11-14 23:32:15.337 +02:00 [INF] Content root path: C:\Users\liza\RiderProjects\StudentPortal\StudentPortal.Enrollment.Api
2025-11-14 23:34:12.179 +02:00 [INF] Application is shutting down...
2025-11-14 23:35:43.059 +02:00 [INF] Now listening on: http://localhost:57441
2025-11-14 23:35:43.109 +02:00 [INF] Now listening on: http://localhost:57442
2025-11-14 23:35:43.113 +02:00 [INF] Application started. Press Ctrl+C to shut down.
2025-11-14 23:35:43.114 +02:00 [INF] Hosting environment: Development
2025-11-14 23:35:43.114 +02:00 [INF] Content root path: C:\Users\liza\RiderProjects\StudentPortal\StudentPortal.Enrollment.Api
2025-11-14 23:37:05.489 +02:00 [INF] Application is shutting down...
2025-11-14 23:43:03.194 +02:00 [INF] Now listening on: http://localhost:57121
2025-11-14 23:43:03.225 +02:00 [INF] Now listening on: http://localhost:57122
2025-11-14 23:43:03.227 +02:00 [INF] Application started. Press Ctrl+C to shut down.
2025-11-14 23:43:03.227 +02:00 [INF] Hosting environment: Development
2025-11-14 23:43:03.227 +02:00 [INF] Content root path: C:\Users\liza\RiderProjects\StudentPortal\StudentPortal.Enrollment.Api
2025-11-14 23:44:55.711 +02:00 [INF] Application is shutting down...
2025-11-14 23:50:58.635 +02:00 [WRN] HTTP/2 is not enabled for 127.0.0.1:64632. The endpoint is configured to use HTTP/1.1 and HTTP/2, but TLS is not enabled. HTTP/2 requires TLS application protocol negotiation. Connections to this endpoint will use HTTP/1.1.
2025-11-14 23:50:58.675 +02:00 [WRN] HTTP/2 is not enabled for [::1]:64632. The endpoint is configured to use HTTP/1.1 and HTTP/2, but TLS is not enabled. HTTP/2 requires TLS application protocol negotiation. Connections to this endpoint will use HTTP/1.1.
2025-11-14 23:50:58.676 +02:00 [WRN] HTTP/2 is not enabled for 127.0.0.1:64635. The endpoint is configured to use HTTP/1.1 and HTTP/2, but TLS is not enabled. HTTP/2 requires TLS application protocol negotiation. Connections to this endpoint will use HTTP/1.1.
2025-11-14 23:50:58.676 +02:00 [WRN] HTTP/2 is not enabled for [::1]:64635. The endpoint is configured to use HTTP/1.1 and HTTP/2, but TLS is not enabled. HTTP/2 requires TLS application protocol negotiation. Connections to this endpoint will use HTTP/1.1.
2025-11-14 23:50:58.678 +02:00 [INF] Now listening on: http://localhost:64632
2025-11-14 23:50:58.678 +02:00 [INF] Now listening on: http://localhost:64635
2025-11-14 23:50:58.680 +02:00 [INF] Application started. Press Ctrl+C to shut down.
2025-11-14 23:50:58.681 +02:00 [INF] Hosting environment: Development
2025-11-14 23:50:58.681 +02:00 [INF] Content root path: C:\Users\liza\RiderProjects\StudentPortal\StudentPortal.Enrollment.Api
2025-11-14 23:51:35.858 +02:00 [INF] Request starting HTTP/1.1 GET http://localhost:5001/ - null null
2025-11-14 23:51:35.920 +02:00 [WRN] Failed to determine the https port for redirect.
2025-11-14 23:51:35.925 +02:00 [INF] Request finished HTTP/1.1 GET http://localhost:5001/ - 404 0 null 84.9741ms
2025-11-14 23:51:35.942 +02:00 [INF] Request reached the end of the middleware pipeline without being handled by application code. Request path: GET http://localhost:5001/, Response status code: 404
2025-11-14 23:51:44.096 +02:00 [INF] Request starting HTTP/1.1 GET http://localhost:5001/swagger/index.html - null null
2025-11-14 23:51:44.177 +02:00 [INF] Request finished HTTP/1.1 GET http://localhost:5001/swagger/index.html - 200 null text/html;charset=utf-8 81.0428ms
2025-11-14 23:51:44.196 +02:00 [INF] Request starting HTTP/1.1 GET http://localhost:5001/swagger/swagger-ui.css - null null
2025-11-14 23:51:44.197 +02:00 [INF] Request starting HTTP/1.1 GET http://localhost:5001/swagger/index.css - null null
2025-11-14 23:51:44.205 +02:00 [INF] Request starting HTTP/1.1 GET http://localhost:5001/swagger/swagger-ui-standalone-preset.js - null null
2025-11-14 23:51:44.205 +02:00 [INF] Request starting HTTP/1.1 GET http://localhost:5001/swagger/swagger-ui-bundle.js - null null
2025-11-14 23:51:44.207 +02:00 [INF] Request starting HTTP/1.1 GET http://localhost:5001/swagger/index.js - null null
2025-11-14 23:51:44.211 +02:00 [INF] Request finished HTTP/1.1 GET http://localhost:5001/swagger/index.js - 200 null application/javascript;charset=utf-8 4.3521ms
2025-11-14 23:51:44.221 +02:00 [INF] Request finished HTTP/1.1 GET http://localhost:5001/swagger/index.css - 200 152 text/css 24.7493ms
2025-11-14 23:51:44.222 +02:00 [INF] Request finished HTTP/1.1 GET http://localhost:5001/swagger/swagger-ui.css - 200 23647 text/css 25.3653ms
2025-11-14 23:51:44.233 +02:00 [INF] Request finished HTTP/1.1 GET http://localhost:5001/swagger/swagger-ui-bundle.js - 200 424767 text/javascript 27.7157ms
2025-11-14 23:51:44.233 +02:00 [INF] Request finished HTTP/1.1 GET http://localhost:5001/swagger/swagger-ui-standalone-preset.js - 200 77352 text/javascript 27.9594ms
2025-11-14 23:51:44.400 +02:00 [INF] Request starting HTTP/1.1 GET http://localhost:5001/swagger/favicon-32x32.png - null null
2025-11-14 23:51:44.401 +02:00 [INF] Request finished HTTP/1.1 GET http://localhost:5001/swagger/favicon-32x32.png - 304 null null 0.7858ms
2025-11-14 23:51:44.435 +02:00 [INF] Request starting HTTP/1.1 GET http://localhost:5001/swagger/v1/swagger.json - null null
2025-11-14 23:51:44.566 +02:00 [INF] Request finished HTTP/1.1 GET http://localhost:5001/swagger/v1/swagger.json - 200 null application/json;charset=utf-8 131.0253ms
2025-11-14 23:51:53.584 +02:00 [INF] Request starting HTTP/1.1 GET http://localhost:5001/api/Enrollment - null null
2025-11-14 23:51:53.587 +02:00 [INF] Executing endpoint 'StudentPortal.Controllers.EnrollmentController.GetAll (StudentPortal.Enrollment.Api)'
2025-11-14 23:51:53.607 +02:00 [INF] Route matched with {action = "GetAll", controller = "Enrollment"}. Executing controller action with signature System.Threading.Tasks.Task`1[Microsoft.AspNetCore.Mvc.ActionResult`1[System.Collections.Generic.IEnumerable`1[StudentPortal.Enrollment.Domain.Entities.Enrollment]]] GetAll() on controller StudentPortal.Controllers.EnrollmentController (StudentPortal.Enrollment.Api).
2025-11-14 23:51:53.897 +02:00 [WRN] You do not have a valid license key for the Lucky Penny software AutoMapper. This is allowed for development and testing scenarios. If you are running in production you are required to have a licensed version. Please visit https://luckypennysoftware.com to obtain a valid license.
2025-11-14 23:51:53.904 +02:00 [INF] Executing action method StudentPortal.Controllers.EnrollmentController.GetAll (StudentPortal.Enrollment.Api) - Validation state: "Valid"
2025-11-14 23:51:54.287 +02:00 [INF] Executed action method StudentPortal.Controllers.EnrollmentController.GetAll (StudentPortal.Enrollment.Api), returned result Microsoft.AspNetCore.Mvc.OkObjectResult in 377.0746ms.
2025-11-14 23:51:54.295 +02:00 [INF] Executing OkObjectResult, writing value of type 'System.Collections.Generic.List`1[[StudentPortal.Enrollment.Domain.Entities.Enrollment, StudentPortal.Enrollment.Domain, Version=1.0.0.0, Culture=neutral, PublicKeyToken=null]]'.
2025-11-14 23:51:54.329 +02:00 [INF] Executed action StudentPortal.Controllers.EnrollmentController.GetAll (StudentPortal.Enrollment.Api) in 718.1608ms
2025-11-14 23:51:54.330 +02:00 [INF] Executed endpoint 'StudentPortal.Controllers.EnrollmentController.GetAll (StudentPortal.Enrollment.Api)'
2025-11-14 23:51:54.334 +02:00 [INF] Request finished HTTP/1.1 GET http://localhost:5001/api/Enrollment - 200 null application/json; charset=utf-8 750.7593ms
2025-11-14 23:52:13.183 +02:00 [INF] Request starting HTTP/1.1 GET http://localhost:5001/api/Enrollment/1 - null null
2025-11-14 23:52:13.186 +02:00 [INF] Executing endpoint 'StudentPortal.Controllers.EnrollmentController.GetById (StudentPortal.Enrollment.Api)'
2025-11-14 23:52:13.197 +02:00 [INF] Route matched with {action = "GetById", controller = "Enrollment"}. Executing controller action with signature System.Threading.Tasks.Task`1[Microsoft.AspNetCore.Mvc.ActionResult`1[StudentPortal.Enrollment.Domain.Entities.Enrollment]] GetById(Int32) on controller StudentPortal.Controllers.EnrollmentController (StudentPortal.Enrollment.Api).
2025-11-14 23:52:13.205 +02:00 [INF] Executing action method StudentPortal.Controllers.EnrollmentController.GetById (StudentPortal.Enrollment.Api) - Validation state: "Valid"
2025-11-14 23:52:13.240 +02:00 [INF] Executed action method StudentPortal.Controllers.EnrollmentController.GetById (StudentPortal.Enrollment.Api), returned result Microsoft.AspNetCore.Mvc.OkObjectResult in 34.0506ms.
2025-11-14 23:52:13.240 +02:00 [INF] Executing OkObjectResult, writing value of type 'StudentPortal.Enrollment.Domain.Entities.Enrollment'.
2025-11-14 23:52:13.241 +02:00 [INF] Executed action StudentPortal.Controllers.EnrollmentController.GetById (StudentPortal.Enrollment.Api) in 43.7777ms
2025-11-14 23:52:13.241 +02:00 [INF] Executed endpoint 'StudentPortal.Controllers.EnrollmentController.GetById (StudentPortal.Enrollment.Api)'
2025-11-14 23:52:13.242 +02:00 [INF] Request finished HTTP/1.1 GET http://localhost:5001/api/Enrollment/1 - 200 null application/json; charset=utf-8 58.2257ms
2025-11-14 23:52:29.090 +02:00 [INF] Request starting HTTP/1.1 GET http://localhost:5196/api/enrollment - null null
2025-11-14 23:52:29.091 +02:00 [INF] Executing endpoint 'StudentPortal.Controllers.EnrollmentController.GetAll (StudentPortal.Enrollment.Api)'
2025-11-14 23:52:29.091 +02:00 [INF] Route matched with {action = "GetAll", controller = "Enrollment"}. Executing controller action with signature System.Threading.Tasks.Task`1[Microsoft.AspNetCore.Mvc.ActionResult`1[System.Collections.Generic.IEnumerable`1[StudentPortal.Enrollment.Domain.Entities.Enrollment]]] GetAll() on controller StudentPortal.Controllers.EnrollmentController (StudentPortal.Enrollment.Api).
2025-11-14 23:52:29.094 +02:00 [INF] Executing action method StudentPortal.Controllers.EnrollmentController.GetAll (StudentPortal.Enrollment.Api) - Validation state: "Valid"
2025-11-14 23:52:29.097 +02:00 [INF] Executed action method StudentPortal.Controllers.EnrollmentController.GetAll (StudentPortal.Enrollment.Api), returned result Microsoft.AspNetCore.Mvc.OkObjectResult in 2.6756ms.
2025-11-14 23:52:29.097 +02:00 [INF] Executing OkObjectResult, writing value of type 'System.Collections.Generic.List`1[[StudentPortal.Enrollment.Domain.Entities.Enrollment, StudentPortal.Enrollment.Domain, Version=1.0.0.0, Culture=neutral, PublicKeyToken=null]]'.
2025-11-14 23:52:29.097 +02:00 [INF] Executed action StudentPortal.Controllers.EnrollmentController.GetAll (StudentPortal.Enrollment.Api) in 5.9472ms
2025-11-14 23:52:29.097 +02:00 [INF] Executed endpoint 'StudentPortal.Controllers.EnrollmentController.GetAll (StudentPortal.Enrollment.Api)'
2025-11-14 23:52:29.098 +02:00 [INF] Request finished HTTP/1.1 GET http://localhost:5196/api/enrollment - 200 null application/json; charset=utf-8 9.0914ms
2025-11-14 23:52:44.694 +02:00 [INF] Request starting HTTP/1.1 GET http://localhost:5196/api/enrollment/1 - null null
2025-11-14 23:52:44.695 +02:00 [INF] Executing endpoint 'StudentPortal.Controllers.EnrollmentController.GetById (StudentPortal.Enrollment.Api)'
2025-11-14 23:52:44.695 +02:00 [INF] Route matched with {action = "GetById", controller = "Enrollment"}. Executing controller action with signature System.Threading.Tasks.Task`1[Microsoft.AspNetCore.Mvc.ActionResult`1[StudentPortal.Enrollment.Domain.Entities.Enrollment]] GetById(Int32) on controller StudentPortal.Controllers.EnrollmentController (StudentPortal.Enrollment.Api).
2025-11-14 23:52:44.696 +02:00 [INF] Executing action method StudentPortal.Controllers.EnrollmentController.GetById (StudentPortal.Enrollment.Api) - Validation state: "Valid"
2025-11-14 23:52:44.699 +02:00 [INF] Executed action method StudentPortal.Controllers.EnrollmentController.GetById (StudentPortal.Enrollment.Api), returned result Microsoft.AspNetCore.Mvc.OkObjectResult in 2.4048ms.
2025-11-14 23:52:44.699 +02:00 [INF] Executing OkObjectResult, writing value of type 'StudentPortal.Enrollment.Domain.Entities.Enrollment'.
2025-11-14 23:52:44.699 +02:00 [INF] Executed action StudentPortal.Controllers.EnrollmentController.GetById (StudentPortal.Enrollment.Api) in 3.8455ms
2025-11-14 23:52:44.699 +02:00 [INF] Executed endpoint 'StudentPortal.Controllers.EnrollmentController.GetById (StudentPortal.Enrollment.Api)'
2025-11-14 23:52:44.700 +02:00 [INF] Request finished HTTP/1.1 GET http://localhost:5196/api/enrollment/1 - 200 null application/json; charset=utf-8 6.0746ms
2025-11-14 23:55:36.689 +02:00 [INF] Application is shutting down...
2025-11-14 23:58:44.769 +02:00 [WRN] HTTP/2 is not enabled for 127.0.0.1:50841. The endpoint is configured to use HTTP/1.1 and HTTP/2, but TLS is not enabled. HTTP/2 requires TLS application protocol negotiation. Connections to this endpoint will use HTTP/1.1.
2025-11-14 23:58:44.809 +02:00 [WRN] HTTP/2 is not enabled for [::1]:50841. The endpoint is configured to use HTTP/1.1 and HTTP/2, but TLS is not enabled. HTTP/2 requires TLS application protocol negotiation. Connections to this endpoint will use HTTP/1.1.
2025-11-14 23:58:44.810 +02:00 [WRN] HTTP/2 is not enabled for 127.0.0.1:50842. The endpoint is configured to use HTTP/1.1 and HTTP/2, but TLS is not enabled. HTTP/2 requires TLS application protocol negotiation. Connections to this endpoint will use HTTP/1.1.
2025-11-14 23:58:44.811 +02:00 [WRN] HTTP/2 is not enabled for [::1]:50842. The endpoint is configured to use HTTP/1.1 and HTTP/2, but TLS is not enabled. HTTP/2 requires TLS application protocol negotiation. Connections to this endpoint will use HTTP/1.1.
2025-11-14 23:58:44.813 +02:00 [INF] Now listening on: http://localhost:50841
2025-11-14 23:58:44.813 +02:00 [INF] Now listening on: http://localhost:50842
2025-11-14 23:58:44.817 +02:00 [INF] Application started. Press Ctrl+C to shut down.
2025-11-14 23:58:44.817 +02:00 [INF] Hosting environment: Development
2025-11-14 23:58:44.817 +02:00 [INF] Content root path: C:\Users\liza\RiderProjects\StudentPortal\StudentPortal.Enrollment.Api
